2025-05-08T06:56:08.767017+03:00 clinton-ASUS-TUF-Gaming-F15-FX506LH-FX506LH kernel: audit: type=1400 audit(1746676568.765:193): apparmor="DENIED" operation="capable" class="cap" profile="/snap/snapd/24505/usr/lib/snapd/snap-confine" pid=1525 comm="snap-confine" capability=12  capname="net_admin"
2025-05-08T06:56:08.767031+03:00 clinton-ASUS-TUF-Gaming-F15-FX506LH-FX506LH kernel: audit: type=1400 audit(1746676568.765:194): apparmor="DENIED" operation="capable" class="cap" profile="/snap/snapd/24505/usr/lib/snapd/snap-confine" pid=1525 comm="snap-confine" capability=38  capname="perfmon"
2025-05-08T06:56:08.767981+03:00 clinton-ASUS-TUF-Gaming-F15-FX506LH-FX506LH kernel: audit: type=1400 audit(1746676568.766:195): apparmor="DENIED" operation="capable" class="cap" profile="/snap/snapd/24505/usr/lib/snapd/snap-confine" pid=1525 comm="snap-confine" capability=4  capname="fsetid"
2025-05-08T06:56:08.852996+03:00 clinton-ASUS-TUF-Gaming-F15-FX506LH-FX506LH kernel: loop43: detected capacity change from 0 to 8
2025-05-08T06:56:08.878943+03:00 clinton-ASUS-TUF-Gaming-F15-FX506LH-FX506LH kernel: audit: type=1400 audit(1746676568.877:196): apparmor="DENIED" operation="open" class="file" profile="snap-update-ns.snapd-desktop-integration" name="/proc/1643/maps" pid=1643 comm="5" requested_mask="r" denied_mask="r" fsuid=120 ouid=0
2025-05-08T06:56:08.933946+03:00 clinton-ASUS-TUF-Gaming-F15-FX506LH-FX506LH kernel: audit: type=1400 audit(1746676568.932:197): apparmor="DENIED" operation="capable" class="cap" profile="snap.remmina.ssh-agent" pid=1436 comm="ssh-agent" capability=6  capname="setgid"
2025-05-08T06:56:09.095948+03:00 clinton-ASUS-TUF-Gaming-F15-FX506LH-FX506LH kernel: Bluetooth: hci0: Device setup in 2778193 usecs
2025-05-08T06:56:09.095961+03:00 clinton-ASUS-TUF-Gaming-F15-FX506LH-FX506LH kernel: Bluetooth: hci0: HCI Enhanced Setup Synchronous Connection command is advertised, but not supported.
2025-05-08T06:56:09.173943+03:00 clinton-ASUS-TUF-Gaming-F15-FX506LH-FX506LH kernel: Bluetooth: hci0: AOSP extensions version v1.00
2025-05-08T06:56:09.173951+03:00 clinton-ASUS-TUF-Gaming-F15-FX506LH-FX506LH kernel: Bluetooth: hci0: AOSP quality report is supported
2025-05-08T06:56:09.174936+03:00 clinton-ASUS-TUF-Gaming-F15-FX506LH-FX506LH kernel: Bluetooth: MGMT ver 1.23
2025-05-08T06:56:09.193958+03:00 clinton-ASUS-TUF-Gaming-F15-FX506LH-FX506LH kernel: NET: Registered PF_ALG protocol family
2025-05-08T06:56:09.209943+03:00 clinton-ASUS-TUF-Gaming-F15-FX506LH-FX506LH kernel: audit: type=1400 audit(1746676569.208:198): apparmor="DENIED" operation="capable" class="cap" profile="snap.remmina.ssh-agent" pid=1667 comm="ssh-agent" capability=6  capname="setgid"
2025-05-08T06:56:09.218943+03:00 clinton-ASUS-TUF-Gaming-F15-FX506LH-FX506LH kernel: Bluetooth: RFCOMM TTY layer initialized
2025-05-08T06:56:09.218951+03:00 clinton-ASUS-TUF-Gaming-F15-FX506LH-FX506LH kernel: Bluetooth: RFCOMM socket layer initialized
2025-05-08T06:56:09.218952+03:00 clinton-ASUS-TUF-Gaming-F15-FX506LH-FX506LH kernel: Bluetooth: RFCOMM ver 1.11
2025-05-08T06:56:09.228939+03:00 clinton-ASUS-TUF-Gaming-F15-FX506LH-FX506LH kernel: Lockdown: Xorg: raw io port access is restricted; see man kernel_lockdown.7
2025-05-08T06:56:09.352945+03:00 clinton-ASUS-TUF-Gaming-F15-FX506LH-FX506LH kernel: audit: type=1400 audit(1746676569.351:199): apparmor="DENIED" operation="capable" class="cap" profile="snap.remmina.ssh-agent" pid=1740 comm="ssh-agent" capability=6  capname="setgid"
2025-05-08T06:56:09.729964+03:00 clinton-ASUS-TUF-Gaming-F15-FX506LH-FX506LH kernel: ACPI Warning: \_SB.PCI0.PEG0.PEGP._DSM: Argument #4 type mismatch - Found [Buffer], ACPI requires [Package] (20240322/nsarguments-61)
2025-05-08T06:56:10.146972+03:00 clinton-ASUS-TUF-Gaming-F15-FX506LH-FX506LH kernel: audit: type=1400 audit(1746676570.145:200): apparmor="DENIED" operation="capable" class="cap" profile="snap.remmina.ssh-agent" pid=1811 comm="ssh-agent" capability=6  capname="setgid"
2025-05-08T06:56:10.984941+03:00 clinton-ASUS-TUF-Gaming-F15-FX506LH-FX506LH kernel: wlp4s0: authenticate with f0:74:8d:0a:e8:c5 (local address=14:13:33:69:f7:c7)
2025-05-08T06:56:11.137964+03:00 clinton-ASUS-TUF-Gaming-F15-FX506LH-FX506LH kernel: wlp4s0: send auth to f0:74:8d:0a:e8:c5 (try 1/3)
2025-05-08T06:56:11.156968+03:00 clinton-ASUS-TUF-Gaming-F15-FX506LH-FX506LH kernel: wlp4s0: authenticated
2025-05-08T06:56:11.160149+03:00 clinton-ASUS-TUF-Gaming-F15-FX506LH-FX506LH kernel: wlp4s0: associate with f0:74:8d:0a:e8:c5 (try 1/3)
2025-05-08T06:56:11.173125+03:00 clinton-ASUS-TUF-Gaming-F15-FX506LH-FX506LH kernel: wlp4s0: RX AssocResp from f0:74:8d:0a:e8:c5 (capab=0x1c11 status=0 aid=18)
2025-05-08T06:56:11.186983+03:00 clinton-ASUS-TUF-Gaming-F15-FX506LH-FX506LH kernel: wlp4s0: associated
2025-05-08T06:56:11.266960+03:00 clinton-ASUS-TUF-Gaming-F15-FX506LH-FX506LH kernel: wlp4s0: Limiting TX power to 30 (30 - 0) dBm as advertised by f0:74:8d:0a:e8:c5
2025-05-08T06:56:12.789992+03:00 clinton-ASUS-TUF-Gaming-F15-FX506LH-FX506LH kernel: rfkill: input handler disabled
2025-05-08T06:56:12.930946+03:00 clinton-ASUS-TUF-Gaming-F15-FX506LH-FX506LH kernel: Lockdown: systemd-logind: hibernation is restricted; see man kernel_lockdown.7
2025-05-08T06:56:17.137946+03:00 clinton-ASUS-TUF-Gaming-F15-FX506LH-FX506LH kernel: loop43: detected capacity change from 0 to 212056
2025-05-08T06:56:23.266963+03:00 clinton-ASUS-TUF-Gaming-F15-FX506LH-FX506LH kernel: Lockdown: systemd-logind: hibernation is restricted; see man kernel_lockdown.7
2025-05-08T06:56:25.022960+03:00 clinton-ASUS-TUF-Gaming-F15-FX506LH-FX506LH kernel: audit: type=1400 audit(1746676585.021:201): apparmor="STATUS" operation="profile_replace" info="same as current profile, skipping" profile="unconfined" name="/snap/snapd/24505/usr/lib/snapd/snap-confine" pid=2508 comm="apparmor_parser"
2025-05-08T06:56:25.022973+03:00 clinton-ASUS-TUF-Gaming-F15-FX506LH-FX506LH kernel: audit: type=1400 audit(1746676585.021:202): apparmor="STATUS" operation="profile_replace" info="same as current profile, skipping" profile="unconfined" name="/snap/snapd/24505/usr/lib/snapd/snap-confine//mount-namespace-capture-helper" pid=2508 comm="apparmor_parser"
2025-05-08T06:56:25.375946+03:00 clinton-ASUS-TUF-Gaming-F15-FX506LH-FX506LH kernel: audit: type=1400 audit(1746676585.374:203): apparmor="STATUS" operation="profile_replace" profile="unconfined" name="snap-update-ns.teams-for-linux" pid=2510 comm="apparmor_parser"
2025-05-08T06:56:25.445948+03:00 clinton-ASUS-TUF-Gaming-F15-FX506LH-FX506LH kernel: audit: type=1400 audit(1746676585.444:204): apparmor="STATUS" operation="profile_replace" profile="unconfined" name="snap.teams-for-linux.teams-for-linux" pid=2511 comm="apparmor_parser"
2025-05-08T06:56:28.064065+03:00 clinton-ASUS-TUF-Gaming-F15-FX506LH-FX506LH kernel: rfkill: input handler enabled
2025-05-08T07:01:27.986784+03:00 clinton-ASUS-TUF-Gaming-F15-FX506LH-FX506LH kernel: Linux version 6.11.0-25-generic (buildd@lcy02-amd64-027) (x86_64-linux-gnu-gcc-13 (Ubuntu 13.3.0-6ubuntu2~24.04) 13.3.0, GNU ld (GNU Binutils for Ubuntu) 2.42) #25~24.04.1-Ubuntu SMP PREEMPT_DYNAMIC Tue Apr 15 17:20:50 UTC 2 (Ubuntu 6.11.0-25.25~24.04.1-generic 6.11.11)
2025-05-08T07:01:27.986790+03:00 clinton-ASUS-TUF-Gaming-F15-FX506LH-FX506LH kernel: Command line: BOOT_IMAGE=/boot/vmlinuz-6.11.0-25-generic root=UUID=fd690e9b-60e0-4bb6-87b6-bfdc5495fc9e ro quiet splash vt.handoff=7
2025-05-08T07:01:27.986792+03:00 clinton-ASUS-TUF-Gaming-F15-FX506LH-FX506LH kernel: KERNEL supported cpus:
2025-05-08T07:01:27.986793+03:00 clinton-ASUS-TUF-Gaming-F15-FX506LH-FX506LH kernel:   Intel GenuineIntel
2025-05-08T07:01:27.986794+03:00 clinton-ASUS-TUF-Gaming-F15-FX506LH-FX506LH kernel:   AMD AuthenticAMD
2025-05-08T07:01:27.986794+03:00 clinton-ASUS-TUF-Gaming-F15-FX506LH-FX506LH kernel:   Hygon HygonGenuine
2025-05-08T07:01:27.986796+03:00 clinton-ASUS-TUF-Gaming-F15-FX506LH-FX506LH kernel:   Centaur CentaurHauls
2025-05-08T07:01:27.986797+03:00 clinton-ASUS-TUF-Gaming-F15-FX506LH-FX506LH kernel:   zhaoxin   Shanghai  
2025-05-08T07:01:27.986798+03:00 clinton-ASUS-TUF-Gaming-F15-FX506LH-FX506LH kernel: BIOS-provided physical RAM map:
2025-05-08T07:01:27.986799+03:00 clinton-ASUS-TUF-Gaming-F15-FX506LH-FX506LH kernel: BIOS-e820: [mem 0x0000000000000000-0x000000000009dfff] usable
2025-05-08T07:01:27.986800+03:00 clinton-ASUS-TUF-Gaming-F15-FX506LH-FX506LH kernel: BIOS-e820: [mem 0x000000000009e000-0x000000000009efff] reserved
2025-05-08T07:01:27.986801+03:00 clinton-ASUS-TUF-Gaming-F15-FX506LH-FX506LH kernel: BIOS-e820: [mem 0x000000000009f000-0x000000000009ffff] usable
2025-05-08T07:01:27.986803+03:00 clinton-ASUS-TUF-Gaming-F15-FX506LH-FX506LH kernel: BIOS-e820: [mem 0x00000000000a0000-0x00000000000fffff] reserved
2025-05-08T07:01:27.986804+03:00 clinton-ASUS-TUF-Gaming-F15-FX506LH-FX506LH kernel: BIOS-e820: [mem 0x0000000000100000-0x0000000097542fff] usable
2025-05-08T07:01:27.986805+03:00 clinton-ASUS-TUF-Gaming-F15-FX506LH-FX506LH kernel: BIOS-e820: [mem 0x0000000097543000-0x000000009913ffff] reserved
2025-05-08T07:01:27.986805+03:00 clinton-ASUS-TUF-Gaming-F15-FX506LH-FX506LH kernel: BIOS-e820: [mem 0x0000000099140000-0x000000009926ffff] ACPI data
2025-05-08T07:01:27.986806+03:00 clinton-ASUS-TUF-Gaming-F15-FX506LH-FX506LH kernel: BIOS-e820: [mem 0x0000000099270000-0x000000009936ffff] ACPI NVS
2025-05-08T07:01:27.986807+03:00 clinton-ASUS-TUF-Gaming-F15-FX506LH-FX506LH kernel: BIOS-e820: [mem 0x0000000099370000-0x0000000099c4dfff] reserved
2025-05-08T07:01:27.986809+03:00 clinton-ASUS-TUF-Gaming-F15-FX506LH-FX506LH kernel: BIOS-e820: [mem 0x0000000099c4e000-0x0000000099c4efff] usable
2025-05-08T07:01:27.986810+03:00 clinton-ASUS-TUF-Gaming-F15-FX506LH-FX506LH kernel: BIOS-e820: [mem 0x0000000099c4f000-0x000000009f7fffff] reserved
2025-05-08T07:01:27.986811+03:00 clinton-ASUS-TUF-Gaming-F15-FX506LH-FX506LH kernel: BIOS-e820: [mem 0x00000000e0000000-0x00000000efffffff] reserved
2025-05-08T07:01:27.986812+03:00 clinton-ASUS-TUF-Gaming-F15-FX506LH-FX506LH kernel: BIOS-e820: [mem 0x00000000fe000000-0x00000000fe010fff] reserved
2025-05-08T07:01:27.986813+03:00 clinton-ASUS-TUF-Gaming-F15-FX506LH-FX506LH kernel: BIOS-e820: [mem 0x00000000fec00000-0x00000000fec00fff] reserved
2025-05-08T07:01:27.986813+03:00 clinton-ASUS-TUF-Gaming-F15-FX506LH-FX506LH kernel: BIOS-e820: [mem 0x00000000fed00000-0x00000000fed03fff] reserved
2025-05-08T07:01:27.986815+03:00 clinton-ASUS-TUF-Gaming-F15-FX506LH-FX506LH kernel: BIOS-e820: [mem 0x00000000fee00000-0x00000000fee00fff] reserved
2025-05-08T07:01:27.986816+03:00 clinton-ASUS-TUF-Gaming-F15-FX506LH-FX506LH kernel: BIOS-e820: [mem 0x00000000ff000000-0x00000000ffffffff] reserved
2025-05-08T07:01:27.986817+03:00 clinton-ASUS-TUF-Gaming-F15-FX506LH-FX506LH kernel: BIOS-e820: [mem 0x0000000100000000-0x000000045e7fffff] usable
2025-05-08T07:01:27.986818+03:00 clinton-ASUS-TUF-Gaming-F15-FX506LH-FX506LH kernel: NX (Execute Disable) protection: active
2025-05-08T07:01:27.986819+03:00 clinton-ASUS-TUF-Gaming-F15-FX506LH-FX506LH kernel: APIC: Static calls initialized
2025-05-08T07:01:27.986820+03:00 clinton-ASUS-TUF-Gaming-F15-FX506LH-FX506LH kernel: e820: update [mem 0x8ec50018-0x8ec5f057] usable ==> usable
2025-05-08T07:01:27.986822+03:00 clinton-ASUS-TUF-Gaming-F15-FX506LH-FX506LH kernel: extended physical RAM map:
2025-05-08T07:01:27.986822+03:00 clinton-ASUS-TUF-Gaming-F15-FX506LH-FX506LH kernel: reserve setup_data: [mem 0x0000000000000000-0x000000000009dfff] usable
2025-05-08T07:01:27.986823+03:00 clinton-ASUS-TUF-Gaming-F15-FX506LH-FX506LH kernel: reserve setup_data: [mem 0x000000000009e000-0x000000000009efff] reserved
2025-05-08T07:01:27.986824+03:00 clinton-ASUS-TUF-Gaming-F15-FX506LH-FX506LH kernel: reserve setup_data: [mem 0x000000000009f000-0x000000000009ffff] usable
2025-05-08T07:01:27.986825+03:00 clinton-ASUS-TUF-Gaming-F15-FX506LH-FX506LH kernel: reserve setup_data: [mem 0x00000000000a0000-0x00000000000fffff] reserved
2025-05-08T07:01:27.986826+03:00 clinton-ASUS-TUF-Gaming-F15-FX506LH-FX506LH kernel: reserve setup_data: [mem 0x0000000000100000-0x000000008ec50017] usable
2025-05-08T07:01:27.986828+03:00 clinton-ASUS-TUF-Gaming-F15-FX506LH-FX506LH kernel: reserve setup_data: [mem 0x000000008ec50018-0x000000008ec5f057] usable
2025-05-08T07:01:27.986829+03:00 clinton-ASUS-TUF-Gaming-F15-FX506LH-FX506LH kernel: reserve setup_data: [mem 0x000000008ec5f058-0x0000000097542fff] usable
2025-05-08T07:01:27.986830+03:00 clinton-ASUS-TUF-Gaming-F15-FX506LH-FX506LH kernel: reserve setup_data: [mem 0x0000000097543000-0x000000009913ffff] reserved
2025-05-08T07:01:27.986830+03:00 clinton-ASUS-TUF-Gaming-F15-FX506LH-FX506LH kernel: reserve setup_data: [mem 0x0000000099140000-0x000000009926ffff] ACPI data
2025-05-08T07:01:27.986831+03:00 clinton-ASUS-TUF-Gaming-F15-FX506LH-FX506LH kernel: reserve setup_data: [mem 0x0000000099270000-0x000000009936ffff] ACPI NVS
2025-05-08T07:01:27.986833+03:00 clinton-ASUS-TUF-Gaming-F15-FX506LH-FX506LH kernel: reserve setup_data: [mem 0x0000000099370000-0x0000000099c4dfff] reserved
2025-05-08T07:01:27.986834+03:00 clinton-ASUS-TUF-Gaming-F15-FX506LH-FX506LH kernel: reserve setup_data: [mem 0x0000000099c4e000-0x0000000099c4efff] usable
2025-05-08T07:01:27.986835+03:00 clinton-ASUS-TUF-Gaming-F15-FX506LH-FX506LH kernel: reserve setup_data: [mem 0x0000000099c4f000-0x000000009f7fffff] reserved
2025-05-08T07:01:27.986836+03:00 clinton-ASUS-TUF-Gaming-F15-FX506LH-FX506LH kernel: reserve setup_data: [mem 0x00000000e0000000-0x00000000efffffff] reserved
2025-05-08T07:01:27.986837+03:00 clinton-ASUS-TUF-Gaming-F15-FX506LH-FX506LH kernel: reserve setup_data: [mem 0x00000000fe000000-0x00000000fe010fff] reserved
2025-05-08T07:01:27.986838+03:00 clinton-ASUS-TUF-Gaming-F15-FX506LH-FX506LH kernel: reserve setup_data: [mem 0x00000000fec00000-0x00000000fec00fff] reserved
2025-05-08T07:01:27.986840+03:00 clinton-ASUS-TUF-Gaming-F15-FX506LH-FX506LH kernel: reserve setup_data: [mem 0x00000000fed00000-0x00000000fed03fff] reserved
2025-05-08T07:01:27.986841+03:00 clinton-ASUS-TUF-Gaming-F15-FX506LH-FX506LH kernel: reserve setup_data: [mem 0x00000000fee00000-0x00000000fee00fff] reserved
2025-05-08T07:01:27.986841+03:00 clinton-ASUS-TUF-Gaming-F15-FX506LH-FX506LH kernel: reserve setup_data: [mem 0x00000000ff000000-0x00000000ffffffff] reserved
2025-05-08T07:01:27.986842+03:00 clinton-ASUS-TUF-Gaming-F15-FX506LH-FX506LH kernel: reserve setup_data: [mem 0x0000000100000000-0x000000045e7fffff] usable
2025-05-08T07:01:27.986843+03:00 clinton-ASUS-TUF-Gaming-F15-FX506LH-FX506LH kernel: efi: EFI v2.7 by American Megatrends
2025-05-08T07:01:27.986844+03:00 clinton-ASUS-TUF-Gaming-F15-FX506LH-FX506LH kernel: efi: ACPI=0x9926f000 ACPI 2.0=0x9926f014 TPMFinalLog=0x992fe000 SMBIOS=0x99802000 SMBIOS 3.0=0x99801000 MEMATTR=0x91276298 ESRT=0x9188ec18 MOKvar=0x99830000 INITRD=0x8ec98f98 RNG=0x991ff018 TPMEventLog=0x991f2018 
2025-05-08T07:01:27.986846+03:00 clinton-ASUS-TUF-Gaming-F15-FX506LH-FX506LH kernel: random: crng init done
2025-05-08T07:01:27.986847+03:00 clinton-ASUS-TUF-Gaming-F15-FX506LH-FX506LH kernel: efi: Remove mem273: MMIO range=[0xe0000000-0xefffffff] (256MB) from e820 map
2025-05-08T07:01:27.986848+03:00 clinton-ASUS-TUF-Gaming-F15-FX506LH-FX506LH kernel: e820: remove [mem 0xe0000000-0xefffffff] reserved
2025-05-08T07:01:27.986849+03:00 clinton-ASUS-TUF-Gaming-F15-FX506LH-FX506LH kernel: efi: Not removing mem274: MMIO range=[0xfe000000-0xfe010fff] (68KB) from e820 map
2025-05-08T07:01:27.986850+03:00 clinton-ASUS-TUF-Gaming-F15-FX506LH-FX506LH kernel: efi: Not removing mem275: MMIO range=[0xfec00000-0xfec00fff] (4KB) from e820 map
2025-05-08T07:01:27.986851+03:00 clinton-ASUS-TUF-Gaming-F15-FX506LH-FX506LH kernel: efi: Not removing mem276: MMIO range=[0xfed00000-0xfed03fff] (16KB) from e820 map
2025-05-08T07:01:27.986852+03:00 clinton-ASUS-TUF-Gaming-F15-FX506LH-FX506LH kernel: efi: Not removing mem277: MMIO range=[0xfee00000-0xfee00fff] (4KB) from e820 map
2025-05-08T07:01:27.986853+03:00 clinton-ASUS-TUF-Gaming-F15-FX506LH-FX506LH kernel: efi: Remove mem278: MMIO range=[0xff000000-0xffffffff] (16MB) from e820 map
2025-05-08T07:01:27.986854+03:00 clinton-ASUS-TUF-Gaming-F15-FX506LH-FX506LH kernel: e820: remove [mem 0xff000000-0xffffffff] reserved
2025-05-08T07:01:27.986855+03:00 clinton-ASUS-TUF-Gaming-F15-FX506LH-FX506LH kernel: SMBIOS 3.2.0 present.
2025-05-08T07:01:27.986856+03:00 clinton-ASUS-TUF-Gaming-F15-FX506LH-FX506LH kernel: DMI: ASUSTeK COMPUTER INC. ASUS TUF Gaming F15 FX506LH_FX506LH/FX506LH, BIOS FX506LH.310 11/26/2021
2025-05-08T07:01:27.986858+03:00 clinton-ASUS-TUF-Gaming-F15-FX506LH-FX506LH kernel: DMI: Memory slots populated: 2/4
2025-05-08T07:01:27.986859+03:00 clinton-ASUS-TUF-Gaming-F15-FX506LH-FX506LH kernel: secureboot: Secure boot enabled
2025-05-08T07:01:27.986859+03:00 clinton-ASUS-TUF-Gaming-F15-FX506LH-FX506LH kernel: Kernel is locked down from EFI Secure Boot mode; see man kernel_lockdown.7
2025-05-08T07:01:27.986860+03:00 clinton-ASUS-TUF-Gaming-F15-FX506LH-FX506LH kernel: tsc: Detected 2500.000 MHz processor
2025-05-08T07:01:27.986861+03:00 clinton-ASUS-TUF-Gaming-F15-FX506LH-FX506LH kernel: tsc: Detected 2499.952 MHz TSC
2025-05-08T07:01:27.986861+03:00 clinton-ASUS-TUF-Gaming-F15-FX506LH-FX506LH kernel: e820: update [mem 0x00000000-0x00000fff] usable ==> reserved
2025-05-08T07:01:27.986863+03:00 clinton-ASUS-TUF-Gaming-F15-FX506LH-FX506LH kernel: e820: remove [mem 0x000a0000-0x000fffff] usable
2025-05-08T07:01:27.986864+03:00 clinton-ASUS-TUF-Gaming-F15-FX506LH-FX506LH kernel: last_pfn = 0x45e800 max_arch_pfn = 0x400000000
2025-05-08T07:01:27.986865+03:00 clinton-ASUS-TUF-Gaming-F15-FX506LH-FX506LH kernel: MTRR map: 5 entries (3 fixed + 2 variable; max 23), built from 10 variable MTRRs
2025-05-08T07:01:27.986866+03:00 clinton-ASUS-TUF-Gaming-F15-FX506LH-FX506LH kernel: x86/PAT: Configuration [0-7]: WB  WC  UC- UC  WB  WP  UC- WT  
2025-05-08T07:01:27.986867+03:00 clinton-ASUS-TUF-Gaming-F15-FX506LH-FX506LH kernel: last_pfn = 0x99c4f max_arch_pfn = 0x400000000
2025-05-08T07:01:27.986868+03:00 clinton-ASUS-TUF-Gaming-F15-FX506LH-FX506LH kernel: esrt: Reserving ESRT space from 0x000000009188ec18 to 0x000000009188ec50.
2025-05-08T07:01:27.986870+03:00 clinton-ASUS-TUF-Gaming-F15-FX506LH-FX506LH kernel: e820: update [mem 0x9188e000-0x9188efff] usable ==> reserved
2025-05-08T07:01:27.986871+03:00 clinton-ASUS-TUF-Gaming-F15-FX506LH-FX506LH kernel: Using GB pages for direct mapping
2025-05-08T07:01:27.986871+03:00 clinton-ASUS-TUF-Gaming-F15-FX506LH-FX506LH kernel: secureboot: Secure boot enabled
2025-05-08T07:01:27.986872+03:00 clinton-ASUS-TUF-Gaming-F15-FX506LH-FX506LH kernel: RAMDISK: [mem 0x88590000-0x8c6c1fff]
2025-05-08T07:01:27.986873+03:00 clinton-ASUS-TUF-Gaming-F15-FX506LH-FX506LH kernel: ACPI: Early table checksum verification disabled
2025-05-08T07:01:27.986874+03:00 clinton-ASUS-TUF-Gaming-F15-FX506LH-FX506LH kernel: ACPI: RSDP 0x000000009926F014 000024 (v02 _ASUS_)
2025-05-08T07:01:27.986876+03:00 clinton-ASUS-TUF-Gaming-F15-FX506LH-FX506LH kernel: ACPI: XSDT 0x000000009926E728 0000F4 (v01 _ASUS_ Notebook 01072009 AMI  01000013)
2025-05-08T07:01:27.986876+03:00 clinton-ASUS-TUF-Gaming-F15-FX506LH-FX506LH kernel: ACPI: FACP 0x0000000099264000 000114 (v06 _ASUS_ Notebook 01072009 AMI  00010013)
2025-05-08T07:01:27.986877+03:00 clinton-ASUS-TUF-Gaming-F15-FX506LH-FX506LH kernel: ACPI: DSDT 0x0000000099225000 03ED46 (v02 _ASUS_ Notebook 01072009 INTL 20160527)
2025-05-08T07:01:27.986878+03:00 clinton-ASUS-TUF-Gaming-F15-FX506LH-FX506LH kernel: ACPI: FACS 0x000000009936F000 000040
2025-05-08T07:01:27.986878+03:00 clinton-ASUS-TUF-Gaming-F15-FX506LH-FX506LH kernel: ACPI: MCFG 0x000000009926D000 00003C (v01 _ASUS_ Notebook 01072009 MSFT 00000097)
2025-05-08T07:01:27.986879+03:00 clinton-ASUS-TUF-Gaming-F15-FX506LH-FX506LH kernel: ACPI: SSDT 0x000000009926A000 002087 (v02 CpuRef CpuSsdt  00003000 INTL 20160527)
2025-05-08T07:01:27.986884+03:00 clinton-ASUS-TUF-Gaming-F15-FX506LH-FX506LH kernel: ACPI: SSDT 0x0000000099265000 004862 (v02 INTEL  DptfTabl 00001000 INTL 20160527)
2025-05-08T07:01:27.986885+03:00 clinton-ASUS-TUF-Gaming-F15-FX506LH-FX506LH kernel: ACPI: FIDT 0x0000000099224000 00009C (v01 _ASUS_ Notebook 01072009 AMI  00010013)
2025-05-08T07:01:27.986885+03:00 clinton-ASUS-TUF-Gaming-F15-FX506LH-FX506LH kernel: ACPI: MSDM 0x0000000099223000 000055 (v03 _ASUS_ Notebook 01072009 ASUS 00000001)
2025-05-08T07:01:27.986886+03:00 clinton-ASUS-TUF-Gaming-F15-FX506LH-FX506LH kernel: ACPI: SSDT 0x000000009921F000 0031DA (v02 SaSsdt SaSsdt   00003000 INTL 20160527)
2025-05-08T07:01:27.986887+03:00 clinton-ASUS-TUF-Gaming-F15-FX506LH-FX506LH kernel: ACPI: SSDT 0x000000009921C000 002912 (v02 Intel  PegSsdt  00001000 INTL 20160527)
2025-05-08T07:01:27.986889+03:00 clinton-ASUS-TUF-Gaming-F15-FX506LH-FX506LH kernel: ACPI: HPET 0x000000009921B000 000038 (v01 _ASUS_ Notebook 01072009 AMI  01000013)
2025-05-08T07:01:27.986890+03:00 clinton-ASUS-TUF-Gaming-F15-FX506LH-FX506LH kernel: ACPI: SSDT 0x0000000099219000 00147B (v02 _ASUS_ Ther_Rvp 00001000 INTL 20160527)
2025-05-08T07:01:27.986890+03:00 clinton-ASUS-TUF-Gaming-F15-FX506LH-FX506LH kernel: ACPI: SSDT 0x0000000099215000 003240 (v02 INTEL  xh_cfhd4 00000000 INTL 20160527)
2025-05-08T07:01:27.986943+03:00 clinton-ASUS-TUF-Gaming-F15-FX506LH-FX506LH kernel: ACPI: NHLT 0x0000000099214000 00002D (v00 _ASUS_ Notebook 01072009 AMI  01000013)
2025-05-08T07:01:27.986945+03:00 clinton-ASUS-TUF-Gaming-F15-FX506LH-FX506LH kernel: ACPI: LPIT 0x0000000099213000 000094 (v01 _ASUS_ Notebook 01072009 AMI  01000013)
2025-05-08T07:01:27.986946+03:00 clinton-ASUS-TUF-Gaming-F15-FX506LH-FX506LH kernel: ACPI: WSMT 0x0000000099212000 000028 (v01 _ASUS_ Notebook 01072009 AMI  01000013)
2025-05-08T07:01:27.986949+03:00 clinton-ASUS-TUF-Gaming-F15-FX506LH-FX506LH kernel: ACPI: SSDT 0x000000009920F000 002720 (v02 _ASUS_ PtidDevc 00001000 INTL 20160527)
2025-05-08T07:01:27.986950+03:00 clinton-ASUS-TUF-Gaming-F15-FX506LH-FX506LH kernel: ACPI: SSDT 0x000000009920C000 0025B2 (v02 _ASUS_ TbtTypeC 00000000 INTL 20160527)
2025-05-08T07:01:27.986950+03:00 clinton-ASUS-TUF-Gaming-F15-FX506LH-FX506LH kernel: ACPI: DBGP 0x000000009920B000 000034 (v01 _ASUS_ Notebook 01072009 AMI  01000013)
2025-05-08T07:01:27.986951+03:00 clinton-ASUS-TUF-Gaming-F15-FX506LH-FX506LH kernel: ACPI: DBG2 0x000000009920A000 000054 (v00 _ASUS_ Notebook 01072009 AMI  01000013)
2025-05-08T07:01:27.986952+03:00 clinton-ASUS-TUF-Gaming-F15-FX506LH-FX506LH kernel: ACPI: SSDT 0x0000000099209000 000C16 (v02 _ASUS_ UsbCTabl 00001000 INTL 20160527)
2025-05-08T07:01:27.986953+03:00 clinton-ASUS-TUF-Gaming-F15-FX506LH-FX506LH kernel: ACPI: SSDT 0x0000000099207000 0000AE (v02 SgRef  SgPeg    00001000 INTL 20160527)
2025-05-08T07:01:27.986955+03:00 clinton-ASUS-TUF-Gaming-F15-FX506LH-FX506LH kernel: ACPI: BGRT 0x0000000099206000 000038 (v01 _ASUS_ Notebook 01072009 AMI  00010013)
2025-05-08T07:01:27.986956+03:00 clinton-ASUS-TUF-Gaming-F15-FX506LH-FX506LH kernel: ACPI: TPM2 0x0000000099205000 00004C (v04 _ASUS_ Notebook 00000001 AMI  00000000)
2025-05-08T07:01:27.986956+03:00 clinton-ASUS-TUF-Gaming-F15-FX506LH-FX506LH kernel: ACPI: DMAR 0x0000000099208000 0000A8 (v01 INTEL  EDK2     00000002      01000013)
2025-05-08T07:01:27.986957+03:00 clinton-ASUS-TUF-Gaming-F15-FX506LH-FX506LH kernel: ACPI: SSDT 0x0000000099202000 00233F (v01 OptRf1 Opt1Tabl 00001000 INTL 20160527)
2025-05-08T07:01:27.986958+03:00 clinton-ASUS-TUF-Gaming-F15-FX506LH-FX506LH kernel: ACPI: APIC 0x0000000099201000 0000BC (v04 _ASUS_ Notebook 01072009 AMI  00010013)
2025-05-08T07:01:27.986959+03:00 clinton-ASUS-TUF-Gaming-F15-FX506LH-FX506LH kernel: ACPI: FPDT 0x0000000099200000 000044 (v01 _ASUS_ CML      01072009 AMI  01000013)
2025-05-08T07:01:27.986961+03:00 clinton-ASUS-TUF-Gaming-F15-FX506LH-FX506LH kernel: ACPI: Reserving FACP table memory at [mem 0x99264000-0x99264113]
2025-05-08T07:01:27.986962+03:00 clinton-ASUS-TUF-Gaming-F15-FX506LH-FX506LH kernel: ACPI: Reserving DSDT table memory at [mem 0x99225000-0x99263d45]
2025-05-08T07:01:27.986962+03:00 clinton-ASUS-TUF-Gaming-F15-FX506LH-FX506LH kernel: ACPI: Reserving FACS table memory at [mem 0x9936f000-0x9936f03f]
2025-05-08T07:01:27.986963+03:00 clinton-ASUS-TUF-Gaming-F15-FX506LH-FX506LH kernel: ACPI: Reserving MCFG table memory at [mem 0x9926d000-0x9926d03b]
2025-05-08T07:01:27.986964+03:00 clinton-ASUS-TUF-Gaming-F15-FX506LH-FX506LH kernel: ACPI: Reserving SSDT table memory at [mem 0x9926a000-0x9926c086]
2025-05-08T07:01:27.986965+03:00 clinton-ASUS-TUF-Gaming-F15-FX506LH-FX506LH kernel: ACPI: Reserving SSDT table memory at [mem 0x99265000-0x99269861]
2025-05-08T07:01:27.986967+03:00 clinton-ASUS-TUF-Gaming-F15-FX506LH-FX506LH kernel: ACPI: Reserving FIDT table memory at [mem 0x99224000-0x9922409b]
2025-05-08T07:01:27.986968+03:00 clinton-ASUS-TUF-Gaming-F15-FX506LH-FX506LH kernel: ACPI: Reserving MSDM table memory at [mem 0x99223000-0x99223054]
2025-05-08T07:01:27.986969+03:00 clinton-ASUS-TUF-Gaming-F15-FX506LH-FX506LH kernel: ACPI: Reserving SSDT table memory at [mem 0x9921f000-0x992221d9]
2025-05-08T07:01:27.986970+03:00 clinton-ASUS-TUF-Gaming-F15-FX506LH-FX506LH kernel: ACPI: Reserving SSDT table memory at [mem 0x9921c000-0x9921e911]
2025-05-08T07:01:27.986970+03:00 clinton-ASUS-TUF-Gaming-F15-FX506LH-FX506LH kernel: ACPI: Reserving HPET table memory at [mem 0x9921b000-0x9921b037]
2025-05-08T07:01:27.986972+03:00 clinton-ASUS-TUF-Gaming-F15-FX506LH-FX506LH kernel: ACPI: Reserving SSDT table memory at [mem 0x99219000-0x9921a47a]
2025-05-08T07:01:27.986973+03:00 clinton-ASUS-TUF-Gaming-F15-FX506LH-FX506LH kernel: ACPI: Reserving SSDT table memory at [mem 0x99215000-0x9921823f]
2025-05-08T07:01:27.986974+03:00 clinton-ASUS-TUF-Gaming-F15-FX506LH-FX506LH kernel: ACPI: Reserving NHLT table memory at [mem 0x99214000-0x9921402c]
2025-05-08T07:01:27.986975+03:00 clinton-ASUS-TUF-Gaming-F15-FX506LH-FX506LH kernel: ACPI: Reserving LPIT table memory at [mem 0x99213000-0x99213093]
2025-05-08T07:01:27.986976+03:00 clinton-ASUS-TUF-Gaming-F15-FX506LH-FX506LH kernel: ACPI: Reserving WSMT table memory at [mem 0x99212000-0x99212027]
2025-05-08T07:01:27.986976+03:00 clinton-ASUS-TUF-Gaming-F15-FX506LH-FX506LH kernel: ACPI: Reserving SSDT table memory at [mem 0x9920f000-0x9921171f]
2025-05-08T07:01:27.986979+03:00 clinton-ASUS-TUF-Gaming-F15-FX506LH-FX506LH kernel: ACPI: Reserving SSDT table memory at [mem 0x9920c000-0x9920e5b1]
2025-05-08T07:01:27.986979+03:00 clinton-ASUS-TUF-Gaming-F15-FX506LH-FX506LH kernel: ACPI: Reserving DBGP table memory at [mem 0x9920b000-0x9920b033]
2025-05-08T07:01:27.986980+03:00 clinton-ASUS-TUF-Gaming-F15-FX506LH-FX506LH kernel: ACPI: Reserving DBG2 table memory at [mem 0x9920a000-0x9920a053]
2025-05-08T07:01:27.986981+03:00 clinton-ASUS-TUF-Gaming-F15-FX506LH-FX506LH kernel: ACPI: Reserving SSDT table memory at [mem 0x99209000-0x99209c15]
2025-05-08T07:01:27.986982+03:00 clinton-ASUS-TUF-Gaming-F15-FX506LH-FX506LH kernel: ACPI: Reserving SSDT table memory at [mem 0x99207000-0x992070ad]
2025-05-08T07:01:27.986983+03:00 clinton-ASUS-TUF-Gaming-F15-FX506LH-FX506LH kernel: ACPI: Reserving BGRT table memory at [mem 0x99206000-0x99206037]
2025-05-08T07:01:27.986985+03:00 clinton-ASUS-TUF-Gaming-F15-FX506LH-FX506LH kernel: ACPI: Reserving TPM2 table memory at [mem 0x99205000-0x9920504b]
2025-05-08T07:01:27.986986+03:00 clinton-ASUS-TUF-Gaming-F15-FX506LH-FX506LH kernel: ACPI: Reserving DMAR table memory at [mem 0x99208000-0x992080a7]
2025-05-08T07:01:27.986986+03:00 clinton-ASUS-TUF-Gaming-F15-FX506LH-FX506LH kernel: ACPI: Reserving SSDT table memory at [mem 0x99202000-0x9920433e]
2025-05-08T07:01:27.986987+03:00 clinton-ASUS-TUF-Gaming-F15-FX506LH-FX506LH kernel: ACPI: Reserving APIC table memory at [mem 0x99201000-0x992010bb]
2025-05-08T07:01:27.986988+03:00 clinton-ASUS-TUF-Gaming-F15-FX506LH-FX506LH kernel: ACPI: Reserving FPDT table memory at [mem 0x99200000-0x99200043]
2025-05-08T07:01:27.986989+03:00 clinton-ASUS-TUF-Gaming-F15-FX506LH-FX506LH kernel: No NUMA configuration found
2025-05-08T07:01:27.986991+03:00 clinton-ASUS-TUF-Gaming-F15-FX506LH-FX506LH kernel: Faking a node at [mem 0x0000000000000000-0x000000045e7fffff]
2025-05-08T07:01:27.986992+03:00 clinton-ASUS-TUF-Gaming-F15-FX506LH-FX506LH kernel: NODE_DATA(0) allocated [mem 0x45e7d5000-0x45e7fffff]
2025-05-08T07:01:27.986993+03:00 clinton-ASUS-TUF-Gaming-F15-FX506LH-FX506LH kernel: Zone ranges:
2025-05-08T07:01:27.986994+03:00 clinton-ASUS-TUF-Gaming-F15-FX506LH-FX506LH kernel:   DMA      [mem 0x0000000000001000-0x0000000000ffffff]
2025-05-08T07:01:27.986994+03:00 clinton-ASUS-TUF-Gaming-F15-FX506LH-FX506LH kernel:   DMA32    [mem 0x0000000001000000-0x00000000ffffffff]
2025-05-08T07:01:27.986995+03:00 clinton-ASUS-TUF-Gaming-F15-FX506LH-FX506LH kernel:   Normal   [mem 0x0000000100000000-0x000000045e7fffff]
2025-05-08T07:01:27.986997+03:00 clinton-ASUS-TUF-Gaming-F15-FX506LH-FX506LH kernel:   Device   empty
2025-05-08T07:01:27.986998+03:00 clinton-ASUS-TUF-Gaming-F15-FX506LH-FX506LH kernel: Movable zone start for each node
2025-05-08T07:01:27.986999+03:00 clinton-ASUS-TUF-Gaming-F15-FX506LH-FX506LH kernel: Early memory node ranges
2025-05-08T07:01:27.987000+03:00 clinton-ASUS-TUF-Gaming-F15-FX506LH-FX506LH kernel:   node   0: [mem 0x0000000000001000-0x000000000009dfff]
2025-05-08T07:01:27.987001+03:00 clinton-ASUS-TUF-Gaming-F15-FX506LH-FX506LH kernel:   node   0: [mem 0x000000000009f000-0x000000000009ffff]
2025-05-08T07:01:27.987001+03:00 clinton-ASUS-TUF-Gaming-F15-FX506LH-FX506LH kernel:   node   0: [mem 0x0000000000100000-0x0000000097542fff]
2025-05-08T07:01:27.987003+03:00 clinton-ASUS-TUF-Gaming-F15-FX506LH-FX506LH kernel:   node   0: [mem 0x0000000099c4e000-0x0000000099c4efff]
2025-05-08T07:01:27.987004+03:00 clinton-ASUS-TUF-Gaming-F15-FX506LH-FX506LH kernel:   node   0: [mem 0x0000000100000000-0x000000045e7fffff]
2025-05-08T07:01:27.987005+03:00 clinton-ASUS-TUF-Gaming-F15-FX506LH-FX506LH kernel: Initmem setup node 0 [mem 0x0000000000001000-0x000000045e7fffff]
2025-05-08T07:01:27.987006+03:00 clinton-ASUS-TUF-Gaming-F15-FX506LH-FX506LH kernel: On node 0, zone DMA: 1 pages in unavailable ranges
2025-05-08T07:01:27.987007+03:00 clinton-ASUS-TUF-Gaming-F15-FX506LH-FX506LH kernel: On node 0, zone DMA: 1 pages in unavailable ranges
2025-05-08T07:01:27.987010+03:00 clinton-ASUS-TUF-Gaming-F15-FX506LH-FX506LH kernel: On node 0, zone DMA: 96 pages in unavailable ranges
2025-05-08T07:01:27.987011+03:00 clinton-ASUS-TUF-Gaming-F15-FX506LH-FX506LH kernel: On node 0, zone DMA32: 9995 pages in unavailable ranges
2025-05-08T07:01:27.987012+03:00 clinton-ASUS-TUF-Gaming-F15-FX506LH-FX506LH kernel: On node 0, zone Normal: 25521 pages in unavailable ranges
2025-05-08T07:01:27.987013+03:00 clinton-ASUS-TUF-Gaming-F15-FX506LH-FX506LH kernel: On node 0, zone Normal: 6144 pages in unavailable ranges
2025-05-08T07:01:27.987013+03:00 clinton-ASUS-TUF-Gaming-F15-FX506LH-FX506LH kernel: Reserving Intel graphics memory at [mem 0x9b800000-0x9f7fffff]
2025-05-08T07:01:27.987014+03:00 clinton-ASUS-TUF-Gaming-F15-FX506LH-FX506LH kernel: ACPI: PM-Timer IO Port: 0x1808
2025-05-08T07:01:27.987016+03:00 clinton-ASUS-TUF-Gaming-F15-FX506LH-FX506LH kernel: ACPI: LAPIC_NMI (acpi_id[0x01] high edge lint[0x1])
2025-05-08T07:01:27.987017+03:00 clinton-ASUS-TUF-Gaming-F15-FX506LH-FX506LH kernel: ACPI: LAPIC_NMI (acpi_id[0x02] high edge lint[0x1])
2025-05-08T07:01:27.987018+03:00 clinton-ASUS-TUF-Gaming-F15-FX506LH-FX506LH kernel: ACPI: LAPIC_NMI (acpi_id[0x03] high edge lint[0x1])
2025-05-08T07:01:27.987019+03:00 clinton-ASUS-TUF-Gaming-F15-FX506LH-FX506LH kernel: ACPI: LAPIC_NMI (acpi_id[0x04] high edge lint[0x1])
2025-05-08T07:01:27.987019+03:00 clinton-ASUS-TUF-Gaming-F15-FX506LH-FX506LH kernel: ACPI: LAPIC_NMI (acpi_id[0x05] high edge lint[0x1])
2025-05-08T07:01:27.987020+03:00 clinton-ASUS-TUF-Gaming-F15-FX506LH-FX506LH kernel: ACPI: LAPIC_NMI (acpi_id[0x06] high edge lint[0x1])
2025-05-08T07:01:27.987022+03:00 clinton-ASUS-TUF-Gaming-F15-FX506LH-FX506LH kernel: ACPI: LAPIC_NMI (acpi_id[0x07] high edge lint[0x1])
2025-05-08T07:01:27.987023+03:00 clinton-ASUS-TUF-Gaming-F15-FX506LH-FX506LH kernel: ACPI: LAPIC_NMI (acpi_id[0x08] high edge lint[0x1])
2025-05-08T07:01:27.987024+03:00 clinton-ASUS-TUF-Gaming-F15-FX506LH-FX506LH kernel: IOAPIC[0]: apic_id 2, version 32, address 0xfec00000, GSI 0-119
2025-05-08T07:01:27.987025+03:00 clinton-ASUS-TUF-Gaming-F15-FX506LH-FX506LH kernel: ACPI: INT_SRC_OVR (bus 0 bus_irq 0 global_irq 2 dfl dfl)
2025-05-08T07:01:27.987026+03:00 clinton-ASUS-TUF-Gaming-F15-FX506LH-FX506LH kernel: ACPI: INT_SRC_OVR (bus 0 bus_irq 9 global_irq 9 high level)
2025-05-08T07:01:27.987026+03:00 clinton-ASUS-TUF-Gaming-F15-FX506LH-FX506LH kernel: ACPI: Using ACPI (MADT) for SMP configuration information
2025-05-08T07:01:27.987028+03:00 clinton-ASUS-TUF-Gaming-F15-FX506LH-FX506LH kernel: ACPI: HPET id: 0x8086a201 base: 0xfed00000
2025-05-08T07:01:27.987029+03:00 clinton-ASUS-TUF-Gaming-F15-FX506LH-FX506LH kernel: e820: update [mem 0x8f65f000-0x8f68dfff] usable ==> reserved
2025-05-08T07:01:27.987030+03:00 clinton-ASUS-TUF-Gaming-F15-FX506LH-FX506LH kernel: TSC deadline timer available
2025-05-08T07:01:27.987031+03:00 clinton-ASUS-TUF-Gaming-F15-FX506LH-FX506LH kernel: CPU topo: Max. logical packages:   1
2025-05-08T07:01:27.987032+03:00 clinton-ASUS-TUF-Gaming-F15-FX506LH-FX506LH kernel: CPU topo: Max. logical dies:       1
2025-05-08T07:01:27.987034+03:00 clinton-ASUS-TUF-Gaming-F15-FX506LH-FX506LH kernel: CPU topo: Max. dies per package:   1
2025-05-08T07:01:27.987035+03:00 clinton-ASUS-TUF-Gaming-F15-FX506LH-FX506LH kernel: CPU topo: Max. threads per core:   2
2025-05-08T07:01:27.987035+03:00 clinton-ASUS-TUF-Gaming-F15-FX506LH-FX506LH kernel: CPU topo: Num. cores per package:     4
2025-05-08T07:01:27.987036+03:00 clinton-ASUS-TUF-Gaming-F15-FX506LH-FX506LH kernel: CPU topo: Num. threads per package:   8
2025-05-08T07:01:27.987037+03:00 clinton-ASUS-TUF-Gaming-F15-FX506LH-FX506LH kernel: CPU topo: Allowing 8 present CPUs plus 0 hotplug CPUs
2025-05-08T07:01:27.987038+03:00 clinton-ASUS-TUF-Gaming-F15-FX506LH-FX506LH kernel: PM: hibernation: Registered nosave memory: [mem 0x00000000-0x00000fff]
2025-05-08T07:01:27.987043+03:00 clinton-ASUS-TUF-Gaming-F15-FX506LH-FX506LH kernel: PM: hibernation: Registered nosave memory: [mem 0x0009e000-0x0009efff]
2025-05-08T07:01:27.987045+03:00 clinton-ASUS-TUF-Gaming-F15-FX506LH-FX506LH kernel: PM: hibernation: Registered nosave memory: [mem 0x000a0000-0x000fffff]
2025-05-08T07:01:27.987046+03:00 clinton-ASUS-TUF-Gaming-F15-FX506LH-FX506LH kernel: PM: hibernation: Registered nosave memory: [mem 0x8ec50000-0x8ec50fff]
2025-05-08T07:01:27.987046+03:00 clinton-ASUS-TUF-Gaming-F15-FX506LH-FX506LH kernel: PM: hibernation: Registered nosave memory: [mem 0x8ec5f000-0x8ec5ffff]
2025-05-08T07:01:27.987047+03:00 clinton-ASUS-TUF-Gaming-F15-FX506LH-FX506LH kernel: PM: hibernation: Registered nosave memory: [mem 0x8f65f000-0x8f68dfff]
2025-05-08T07:01:27.987048+03:00 clinton-ASUS-TUF-Gaming-F15-FX506LH-FX506LH kernel: PM: hibernation: Registered nosave memory: [mem 0x9188e000-0x9188efff]
2025-05-08T07:01:27.987051+03:00 clinton-ASUS-TUF-Gaming-F15-FX506LH-FX506LH kernel: PM: hibernation: Registered nosave memory: [mem 0x97543000-0x9913ffff]
2025-05-08T07:01:27.987053+03:00 clinton-ASUS-TUF-Gaming-F15-FX506LH-FX506LH kernel: PM: hibernation: Registered nosave memory: [mem 0x99140000-0x9926ffff]
2025-05-08T07:01:27.987053+03:00 clinton-ASUS-TUF-Gaming-F15-FX506LH-FX506LH kernel: PM: hibernation: Registered nosave memory: [mem 0x99270000-0x9936ffff]
2025-05-08T07:01:27.987054+03:00 clinton-ASUS-TUF-Gaming-F15-FX506LH-FX506LH kernel: PM: hibernation: Registered nosave memory: [mem 0x99370000-0x99c4dfff]
2025-05-08T07:01:27.987055+03:00 clinton-ASUS-TUF-Gaming-F15-FX506LH-FX506LH kernel: PM: hibernation: Registered nosave memory: [mem 0x99c4f000-0x9f7fffff]
2025-05-08T07:01:27.987056+03:00 clinton-ASUS-TUF-Gaming-F15-FX506LH-FX506LH kernel: PM: hibernation: Registered nosave memory: [mem 0x9f800000-0xfdffffff]
2025-05-08T07:01:27.987119+03:00 clinton-ASUS-TUF-Gaming-F15-FX506LH-FX506LH kernel: PM: hibernation: Registered nosave memory: [mem 0xfe000000-0xfe010fff]
2025-05-08T07:01:27.987121+03:00 clinton-ASUS-TUF-Gaming-F15-FX506LH-FX506LH kernel: PM: hibernation: Registered nosave memory: [mem 0xfe011000-0xfebfffff]
2025-05-08T07:01:27.987121+03:00 clinton-ASUS-TUF-Gaming-F15-FX506LH-FX506LH kernel: PM: hibernation: Registered nosave memory: [mem 0xfec00000-0xfec00fff]
2025-05-08T07:01:27.987122+03:00 clinton-ASUS-TUF-Gaming-F15-FX506LH-FX506LH kernel: PM: hibernation: Registered nosave memory: [mem 0xfec01000-0xfecfffff]
2025-05-08T07:01:27.987123+03:00 clinton-ASUS-TUF-Gaming-F15-FX506LH-FX506LH kernel: PM: hibernation: Registered nosave memory: [mem 0xfed00000-0xfed03fff]
2025-05-08T07:01:27.987123+03:00 clinton-ASUS-TUF-Gaming-F15-FX506LH-FX506LH kernel: PM: hibernation: Registered nosave memory: [mem 0xfed04000-0xfedfffff]
2025-05-08T07:01:27.987127+03:00 clinton-ASUS-TUF-Gaming-F15-FX506LH-FX506LH kernel: PM: hibernation: Registered nosave memory: [mem 0xfee00000-0xfee00fff]
2025-05-08T07:01:27.987128+03:00 clinton-ASUS-TUF-Gaming-F15-FX506LH-FX506LH kernel: PM: hibernation: Registered nosave memory: [mem 0xfee01000-0xffffffff]
2025-05-08T07:01:27.987128+03:00 clinton-ASUS-TUF-Gaming-F15-FX506LH-FX506LH kernel: [mem 0x9f800000-0xfdffffff] available for PCI devices
2025-05-08T07:01:27.987129+03:00 clinton-ASUS-TUF-Gaming-F15-FX506LH-FX506LH kernel: Booting paravirtualized kernel on bare hardware
2025-05-08T07:01:27.987130+03:00 clinton-ASUS-TUF-Gaming-F15-FX506LH-FX506LH kernel: clocksource: refined-jiffies: mask: 0xffffffff max_cycles: 0xffffffff, max_idle_ns: 1910969940391419 ns
2025-05-08T07:01:27.987133+03:00 clinton-ASUS-TUF-Gaming-F15-FX506LH-FX506LH kernel: setup_percpu: NR_CPUS:8192 nr_cpumask_bits:8 nr_cpu_ids:8 nr_node_ids:1
2025-05-08T07:01:27.987133+03:00 clinton-ASUS-TUF-Gaming-F15-FX506LH-FX506LH kernel: percpu: Embedded 88 pages/cpu s237568 r8192 d114688 u524288
2025-05-08T07:01:27.987134+03:00 clinton-ASUS-TUF-Gaming-F15-FX506LH-FX506LH kernel: pcpu-alloc: s237568 r8192 d114688 u524288 alloc=1*2097152
2025-05-08T07:01:27.987135+03:00 clinton-ASUS-TUF-Gaming-F15-FX506LH-FX506LH kernel: pcpu-alloc: [0] 0 1 2 3 [0] 4 5 6 7 
2025-05-08T07:01:27.987136+03:00 clinton-ASUS-TUF-Gaming-F15-FX506LH-FX506LH kernel: Kernel command line: BOOT_IMAGE=/boot/vmlinuz-6.11.0-25-generic root=UUID=fd690e9b-60e0-4bb6-87b6-bfdc5495fc9e ro quiet splash vt.handoff=7
2025-05-08T07:01:27.987136+03:00 clinton-ASUS-TUF-Gaming-F15-FX506LH-FX506LH kernel: Unknown kernel command line parameters "splash BOOT_IMAGE=/boot/vmlinuz-6.11.0-25-generic", will be passed to user space.
2025-05-08T07:01:27.987139+03:00 clinton-ASUS-TUF-Gaming-F15-FX506LH-FX506LH kernel: Dentry cache hash table entries: 2097152 (order: 12, 16777216 bytes, linear)
2025-05-08T07:01:27.987140+03:00 clinton-ASUS-TUF-Gaming-F15-FX506LH-FX506LH kernel: Inode-cache hash table entries: 1048576 (order: 11, 8388608 bytes, linear)
2025-05-08T07:01:27.987141+03:00 clinton-ASUS-TUF-Gaming-F15-FX506LH-FX506LH kernel: Fallback order for Node 0: 0 
2025-05-08T07:01:27.987142+03:00 clinton-ASUS-TUF-Gaming-F15-FX506LH-FX506LH kernel: Built 1 zonelists, mobility grouping on.  Total pages: 4152546
2025-05-08T07:01:27.987143+03:00 clinton-ASUS-TUF-Gaming-F15-FX506LH-FX506LH kernel: Policy zone: Normal
2025-05-08T07:01:27.987143+03:00 clinton-ASUS-TUF-Gaming-F15-FX506LH-FX506LH kernel: mem auto-init: stack:all(zero), heap alloc:on, heap free:off
2025-05-08T07:01:27.987146+03:00 clinton-ASUS-TUF-Gaming-F15-FX506LH-FX506LH kernel: software IO TLB: area num 8.
2025-05-08T07:01:27.987147+03:00 clinton-ASUS-TUF-Gaming-F15-FX506LH-FX506LH kernel: SLUB: HWalign=64, Order=0-3, MinObjects=0, CPUs=8, Nodes=1
2025-05-08T07:01:27.987148+03:00 clinton-ASUS-TUF-Gaming-F15-FX506LH-FX506LH kernel: ftrace: allocating 59224 entries in 232 pages
2025-05-08T07:01:27.987149+03:00 clinton-ASUS-TUF-Gaming-F15-FX506LH-FX506LH kernel: ftrace: allocated 232 pages with 4 groups
2025-05-08T07:01:27.987149+03:00 clinton-ASUS-TUF-Gaming-F15-FX506LH-FX506LH kernel: Dynamic Preempt: voluntary
2025-05-08T07:01:27.987152+03:00 clinton-ASUS-TUF-Gaming-F15-FX506LH-FX506LH kernel: rcu: Preemptible hierarchical RCU implementation.
2025-05-08T07:01:27.987153+03:00 clinton-ASUS-TUF-Gaming-F15-FX506LH-FX506LH kernel: rcu: 	RCU restricting CPUs from NR_CPUS=8192 to nr_cpu_ids=8.
2025-05-08T07:01:27.987154+03:00 clinton-ASUS-TUF-Gaming-F15-FX506LH-FX506LH kernel: 	Trampoline variant of Tasks RCU enabled.
2025-05-08T07:01:27.987155+03:00 clinton-ASUS-TUF-Gaming-F15-FX506LH-FX506LH kernel: 	Rude variant of Tasks RCU enabled.
2025-05-08T07:01:27.987156+03:00 clinton-ASUS-TUF-Gaming-F15-FX506LH-FX506LH kernel: 	Tracing variant of Tasks RCU enabled.
2025-05-08T07:01:27.987156+03:00 clinton-ASUS-TUF-Gaming-F15-FX506LH-FX506LH kernel: rcu: RCU calculated value of scheduler-enlistment delay is 100 jiffies.
2025-05-08T07:01:27.987159+03:00 clinton-ASUS-TUF-Gaming-F15-FX506LH-FX506LH kernel: rcu: Adjusting geometry for rcu_fanout_leaf=16, nr_cpu_ids=8
2025-05-08T07:01:27.987160+03:00 clinton-ASUS-TUF-Gaming-F15-FX506LH-FX506LH kernel: RCU Tasks: Setting shift to 3 and lim to 1 rcu_task_cb_adjust=1 rcu_task_cpu_ids=8.
2025-05-08T07:01:27.987161+03:00 clinton-ASUS-TUF-Gaming-F15-FX506LH-FX506LH kernel: RCU Tasks Rude: Setting shift to 3 and lim to 1 rcu_task_cb_adjust=1 rcu_task_cpu_ids=8.
2025-05-08T07:01:27.987162+03:00 clinton-ASUS-TUF-Gaming-F15-FX506LH-FX506LH kernel: RCU Tasks Trace: Setting shift to 3 and lim to 1 rcu_task_cb_adjust=1 rcu_task_cpu_ids=8.
2025-05-08T07:01:27.987163+03:00 clinton-ASUS-TUF-Gaming-F15-FX506LH-FX506LH kernel: NR_IRQS: 524544, nr_irqs: 2048, preallocated irqs: 16
2025-05-08T07:01:27.987164+03:00 clinton-ASUS-TUF-Gaming-F15-FX506LH-FX506LH kernel: rcu: srcu_init: Setting srcu_struct sizes based on contention.
2025-05-08T07:01:27.987167+03:00 clinton-ASUS-TUF-Gaming-F15-FX506LH-FX506LH kernel: Console: colour dummy device 80x25
2025-05-08T07:01:27.987168+03:00 clinton-ASUS-TUF-Gaming-F15-FX506LH-FX506LH kernel: printk: legacy console [tty0] enabled
2025-05-08T07:01:27.987169+03:00 clinton-ASUS-TUF-Gaming-F15-FX506LH-FX506LH kernel: ACPI: Core revision 20240322
2025-05-08T07:01:27.987169+03:00 clinton-ASUS-TUF-Gaming-F15-FX506LH-FX506LH kernel: hpet: HPET dysfunctional in PC10. Force disabled.
2025-05-08T07:01:27.987170+03:00 clinton-ASUS-TUF-Gaming-F15-FX506LH-FX506LH kernel: APIC: Switch to symmetric I/O mode setup
2025-05-08T07:01:27.987171+03:00 clinton-ASUS-TUF-Gaming-F15-FX506LH-FX506LH kernel: DMAR: Host address width 39
2025-05-08T07:01:27.987174+03:00 clinton-ASUS-TUF-Gaming-F15-FX506LH-FX506LH kernel: DMAR: DRHD base: 0x000000fed90000 flags: 0x0
2025-05-08T07:01:27.987175+03:00 clinton-ASUS-TUF-Gaming-F15-FX506LH-FX506LH kernel: DMAR: dmar0: reg_base_addr fed90000 ver 1:0 cap 1c0000c40660462 ecap 19e2ff0505e
2025-05-08T07:01:27.987176+03:00 clinton-ASUS-TUF-Gaming-F15-FX506LH-FX506LH kernel: DMAR: DRHD base: 0x000000fed91000 flags: 0x1
2025-05-08T07:01:27.987176+03:00 clinton-ASUS-TUF-Gaming-F15-FX506LH-FX506LH kernel: DMAR: dmar1: reg_base_addr fed91000 ver 1:0 cap d2008c40660462 ecap f050da
2025-05-08T07:01:27.987177+03:00 clinton-ASUS-TUF-Gaming-F15-FX506LH-FX506LH kernel: DMAR: RMRR base: 0x00000099593000 end: 0x000000997dcfff
2025-05-08T07:01:27.987178+03:00 clinton-ASUS-TUF-Gaming-F15-FX506LH-FX506LH kernel: DMAR: RMRR base: 0x0000009b000000 end: 0x0000009f7fffff
2025-05-08T07:01:27.987181+03:00 clinton-ASUS-TUF-Gaming-F15-FX506LH-FX506LH kernel: DMAR-IR: IOAPIC id 2 under DRHD base  0xfed91000 IOMMU 1
2025-05-08T07:01:27.987182+03:00 clinton-ASUS-TUF-Gaming-F15-FX506LH-FX506LH kernel: DMAR-IR: HPET id 0 under DRHD base 0xfed91000
2025-05-08T07:01:27.987183+03:00 clinton-ASUS-TUF-Gaming-F15-FX506LH-FX506LH kernel: DMAR-IR: Queued invalidation will be enabled to support x2apic and Intr-remapping.
2025-05-08T07:01:27.987184+03:00 clinton-ASUS-TUF-Gaming-F15-FX506LH-FX506LH kernel: DMAR-IR: Enabled IRQ remapping in x2apic mode
2025-05-08T07:01:27.987185+03:00 clinton-ASUS-TUF-Gaming-F15-FX506LH-FX506LH kernel: x2apic enabled
2025-05-08T07:01:27.987188+03:00 clinton-ASUS-TUF-Gaming-F15-FX506LH-FX506LH kernel: APIC: Switched APIC routing to: cluster x2apic
2025-05-08T07:01:27.987189+03:00 clinton-ASUS-TUF-Gaming-F15-FX506LH-FX506LH kernel: clocksource: tsc-early: mask: 0xffffffffffffffff max_cycles: 0x24090c9bc00, max_idle_ns: 440795288559 ns
2025-05-08T07:01:27.987189+03:00 clinton-ASUS-TUF-Gaming-F15-FX506LH-FX506LH kernel: Calibrating delay loop (skipped), value calculated using timer frequency.. 4999.90 BogoMIPS (lpj=2499952)
2025-05-08T07:01:27.987190+03:00 clinton-ASUS-TUF-Gaming-F15-FX506LH-FX506LH kernel: x86/cpu: SGX disabled by BIOS.
2025-05-08T07:01:27.987191+03:00 clinton-ASUS-TUF-Gaming-F15-FX506LH-FX506LH kernel: CPU0: Thermal monitoring enabled (TM1)
2025-05-08T07:01:27.987192+03:00 clinton-ASUS-TUF-Gaming-F15-FX506LH-FX506LH kernel: Last level iTLB entries: 4KB 64, 2MB 8, 4MB 8
2025-05-08T07:01:27.987195+03:00 clinton-ASUS-TUF-Gaming-F15-FX506LH-FX506LH kernel: Last level dTLB entries: 4KB 64, 2MB 0, 4MB 0, 1GB 4
2025-05-08T07:01:27.987196+03:00 clinton-ASUS-TUF-Gaming-F15-FX506LH-FX506LH kernel: process: using mwait in idle threads
2025-05-08T07:01:27.987197+03:00 clinton-ASUS-TUF-Gaming-F15-FX506LH-FX506LH kernel: Spectre V1 : Mitigation: usercopy/swapgs barriers and __user pointer sanitization
2025-05-08T07:01:27.987197+03:00 clinton-ASUS-TUF-Gaming-F15-FX506LH-FX506LH kernel: Spectre V2 : Spectre BHI mitigation: SW BHB clearing on syscall and VM exit
2025-05-08T07:01:27.987198+03:00 clinton-ASUS-TUF-Gaming-F15-FX506LH-FX506LH kernel: Spectre V2 : Mitigation: Enhanced / Automatic IBRS
2025-05-08T07:01:27.987199+03:00 clinton-ASUS-TUF-Gaming-F15-FX506LH-FX506LH kernel: Spectre V2 : Spectre v2 / SpectreRSB mitigation: Filling RSB on context switch
2025-05-08T07:01:27.987205+03:00 clinton-ASUS-TUF-Gaming-F15-FX506LH-FX506LH kernel: Spectre V2 : Spectre v2 / PBRSB-eIBRS: Retire a single CALL on VMEXIT
2025-05-08T07:01:27.987206+03:00 clinton-ASUS-TUF-Gaming-F15-FX506LH-FX506LH kernel: RETBleed: Mitigation: Enhanced IBRS
2025-05-08T07:01:27.987207+03:00 clinton-ASUS-TUF-Gaming-F15-FX506LH-FX506LH kernel: Spectre V2 : mitigation: Enabling conditional Indirect Branch Prediction Barrier
2025-05-08T07:01:27.987208+03:00 clinton-ASUS-TUF-Gaming-F15-FX506LH-FX506LH kernel: Speculative Store Bypass: Mitigation: Speculative Store Bypass disabled via prctl
2025-05-08T07:01:27.987208+03:00 clinton-ASUS-TUF-Gaming-F15-FX506LH-FX506LH kernel: MMIO Stale Data: Mitigation: Clear CPU buffers
2025-05-08T07:01:27.987209+03:00 clinton-ASUS-TUF-Gaming-F15-FX506LH-FX506LH kernel: SRBDS: Mitigation: Microcode
2025-05-08T07:01:27.987213+03:00 clinton-ASUS-TUF-Gaming-F15-FX506LH-FX506LH kernel: GDS: Mitigation: Microcode
2025-05-08T07:01:27.987213+03:00 clinton-ASUS-TUF-Gaming-F15-FX506LH-FX506LH kernel: x86/fpu: Supporting XSAVE feature 0x001: 'x87 floating point registers'
2025-05-08T07:01:27.987214+03:00 clinton-ASUS-TUF-Gaming-F15-FX506LH-FX506LH kernel: x86/fpu: Supporting XSAVE feature 0x002: 'SSE registers'
2025-05-08T07:01:27.987215+03:00 clinton-ASUS-TUF-Gaming-F15-FX506LH-FX506LH kernel: x86/fpu: Supporting XSAVE feature 0x004: 'AVX registers'
2025-05-08T07:01:27.987216+03:00 clinton-ASUS-TUF-Gaming-F15-FX506LH-FX506LH kernel: x86/fpu: Supporting XSAVE feature 0x008: 'MPX bounds registers'
2025-05-08T07:01:27.987219+03:00 clinton-ASUS-TUF-Gaming-F15-FX506LH-FX506LH kernel: x86/fpu: Supporting XSAVE feature 0x010: 'MPX CSR'
2025-05-08T07:01:27.987220+03:00 clinton-ASUS-TUF-Gaming-F15-FX506LH-FX506LH kernel: x86/fpu: Supporting XSAVE feature 0x200: 'Protection Keys User registers'
2025-05-08T07:01:27.987221+03:00 clinton-ASUS-TUF-Gaming-F15-FX506LH-FX506LH kernel: x86/fpu: xstate_offset[2]:  576, xstate_sizes[2]:  256
2025-05-08T07:01:27.987222+03:00 clinton-ASUS-TUF-Gaming-F15-FX506LH-FX506LH kernel: x86/fpu: xstate_offset[3]:  832, xstate_sizes[3]:   64
2025-05-08T07:01:27.987222+03:00 clinton-ASUS-TUF-Gaming-F15-FX506LH-FX506LH kernel: x86/fpu: xstate_offset[4]:  896, xstate_sizes[4]:   64
2025-05-08T07:01:27.987223+03:00 clinton-ASUS-TUF-Gaming-F15-FX506LH-FX506LH kernel: x86/fpu: xstate_offset[9]:  960, xstate_sizes[9]:    8
2025-05-08T07:01:27.987226+03:00 clinton-ASUS-TUF-Gaming-F15-FX506LH-FX506LH kernel: x86/fpu: Enabled xstate features 0x21f, context size is 968 bytes, using 'compacted' format.
2025-05-08T07:01:27.987227+03:00 clinton-ASUS-TUF-Gaming-F15-FX506LH-FX506LH kernel: Freeing SMP alternatives memory: 48K
2025-05-08T07:01:27.987228+03:00 clinton-ASUS-TUF-Gaming-F15-FX506LH-FX506LH kernel: pid_max: default: 32768 minimum: 301
2025-05-08T07:01:27.987229+03:00 clinton-ASUS-TUF-Gaming-F15-FX506LH-FX506LH kernel: LSM: initializing lsm=lockdown,capability,landlock,yama,apparmor,ima,evm
2025-05-08T07:01:27.987230+03:00 clinton-ASUS-TUF-Gaming-F15-FX506LH-FX506LH kernel: landlock: Up and running.
2025-05-08T07:01:27.987231+03:00 clinton-ASUS-TUF-Gaming-F15-FX506LH-FX506LH kernel: Yama: becoming mindful.
2025-05-08T07:01:27.987234+03:00 clinton-ASUS-TUF-Gaming-F15-FX506LH-FX506LH kernel: AppArmor: AppArmor initialized
2025-05-08T07:01:27.987235+03:00 clinton-ASUS-TUF-Gaming-F15-FX506LH-FX506LH kernel: Mount-cache hash table entries: 32768 (order: 6, 262144 bytes, linear)
2025-05-08T07:01:27.987236+03:00 clinton-ASUS-TUF-Gaming-F15-FX506LH-FX506LH kernel: Mountpoint-cache hash table entries: 32768 (order: 6, 262144 bytes, linear)
2025-05-08T07:01:27.987236+03:00 clinton-ASUS-TUF-Gaming-F15-FX506LH-FX506LH kernel: smpboot: CPU0: Intel(R) Core(TM) i5-10300H CPU @ 2.50GHz (family: 0x6, model: 0xa5, stepping: 0x2)
2025-05-08T07:01:27.987237+03:00 clinton-ASUS-TUF-Gaming-F15-FX506LH-FX506LH kernel: Performance Events: PEBS fmt3+, Skylake events, 32-deep LBR, full-width counters, Intel PMU driver.
2025-05-08T07:01:27.987238+03:00 clinton-ASUS-TUF-Gaming-F15-FX506LH-FX506LH kernel: ... version:                4
2025-05-08T07:01:27.987241+03:00 clinton-ASUS-TUF-Gaming-F15-FX506LH-FX506LH kernel: ... bit width:              48
2025-05-08T07:01:27.987242+03:00 clinton-ASUS-TUF-Gaming-F15-FX506LH-FX506LH kernel: ... generic registers:      4
2025-05-08T07:01:27.987243+03:00 clinton-ASUS-TUF-Gaming-F15-FX506LH-FX506LH kernel: ... value mask:             0000ffffffffffff
2025-05-08T07:01:27.987244+03:00 clinton-ASUS-TUF-Gaming-F15-FX506LH-FX506LH kernel: ... max period:             00007fffffffffff
2025-05-08T07:01:27.987244+03:00 clinton-ASUS-TUF-Gaming-F15-FX506LH-FX506LH kernel: ... fixed-purpose events:   3
2025-05-08T07:01:27.987245+03:00 clinton-ASUS-TUF-Gaming-F15-FX506LH-FX506LH kernel: ... event mask:             000000070000000f
2025-05-08T07:01:27.987248+03:00 clinton-ASUS-TUF-Gaming-F15-FX506LH-FX506LH kernel: signal: max sigframe size: 3632
2025-05-08T07:01:27.987249+03:00 clinton-ASUS-TUF-Gaming-F15-FX506LH-FX506LH kernel: Estimated ratio of average max frequency by base frequency (times 1024): 1720
2025-05-08T07:01:27.987250+03:00 clinton-ASUS-TUF-Gaming-F15-FX506LH-FX506LH kernel: rcu: Hierarchical SRCU implementation.
2025-05-08T07:01:27.987303+03:00 clinton-ASUS-TUF-Gaming-F15-FX506LH-FX506LH kernel: rcu: 	Max phase no-delay instances is 400.
2025-05-08T07:01:27.987304+03:00 clinton-ASUS-TUF-Gaming-F15-FX506LH-FX506LH kernel: Timer migration: 1 hierarchy levels; 8 children per group; 1 crossnode level
2025-05-08T07:01:27.987308+03:00 clinton-ASUS-TUF-Gaming-F15-FX506LH-FX506LH kernel: NMI watchdog: Enabled. Permanently consumes one hw-PMU counter.
2025-05-08T07:01:27.987309+03:00 clinton-ASUS-TUF-Gaming-F15-FX506LH-FX506LH kernel: smp: Bringing up secondary CPUs ...
2025-05-08T07:01:27.987310+03:00 clinton-ASUS-TUF-Gaming-F15-FX506LH-FX506LH kernel: smpboot: x86: Booting SMP configuration:
2025-05-08T07:01:27.987310+03:00 clinton-ASUS-TUF-Gaming-F15-FX506LH-FX506LH kernel: .... node  #0, CPUs:      #1 #2 #3 #4 #5 #6 #7
2025-05-08T07:01:27.987311+03:00 clinton-ASUS-TUF-Gaming-F15-FX506LH-FX506LH kernel: MMIO Stale Data CPU bug present and SMT on, data leak possible. See https://www.kernel.org/doc/html/latest/admin-guide/hw-vuln/processor_mmio_stale_data.html for more details.
2025-05-08T07:01:27.987312+03:00 clinton-ASUS-TUF-Gaming-F15-FX506LH-FX506LH kernel: smp: Brought up 1 node, 8 CPUs
2025-05-08T07:01:27.987316+03:00 clinton-ASUS-TUF-Gaming-F15-FX506LH-FX506LH kernel: smpboot: Total of 8 processors activated (39999.23 BogoMIPS)
2025-05-08T07:01:27.987317+03:00 clinton-ASUS-TUF-Gaming-F15-FX506LH-FX506LH kernel: Memory: 16112816K/16610184K available (22528K kernel code, 4520K rwdata, 14916K rodata, 5104K init, 4520K bss, 477056K reserved, 0K cma-reserved)
2025-05-08T07:01:27.987318+03:00 clinton-ASUS-TUF-Gaming-F15-FX506LH-FX506LH kernel: devtmpfs: initialized
2025-05-08T07:01:27.987319+03:00 clinton-ASUS-TUF-Gaming-F15-FX506LH-FX506LH kernel: x86/mm: Memory block size: 128MB
2025-05-08T07:01:27.987319+03:00 clinton-ASUS-TUF-Gaming-F15-FX506LH-FX506LH kernel: ACPI: PM: Registering ACPI NVS region [mem 0x99270000-0x9936ffff] (1048576 bytes)
2025-05-08T07:01:27.987320+03:00 clinton-ASUS-TUF-Gaming-F15-FX506LH-FX506LH kernel: clocksource: jiffies: mask: 0xffffffff max_cycles: 0xffffffff, max_idle_ns: 1911260446275000 ns
2025-05-08T07:01:27.987324+03:00 clinton-ASUS-TUF-Gaming-F15-FX506LH-FX506LH kernel: futex hash table entries: 2048 (order: 5, 131072 bytes, linear)
2025-05-08T07:01:27.987325+03:00 clinton-ASUS-TUF-Gaming-F15-FX506LH-FX506LH kernel: pinctrl core: initialized pinctrl subsystem
2025-05-08T07:01:27.987326+03:00 clinton-ASUS-TUF-Gaming-F15-FX506LH-FX506LH kernel: PM: RTC time: 04:01:23, date: 2025-05-08
2025-05-08T07:01:27.987327+03:00 clinton-ASUS-TUF-Gaming-F15-FX506LH-FX506LH kernel: NET: Registered PF_NETLINK/PF_ROUTE protocol family
2025-05-08T07:01:27.987327+03:00 clinton-ASUS-TUF-Gaming-F15-FX506LH-FX506LH kernel: DMA: preallocated 2048 KiB GFP_KERNEL pool for atomic allocations
2025-05-08T07:01:27.987331+03:00 clinton-ASUS-TUF-Gaming-F15-FX506LH-FX506LH kernel: DMA: preallocated 2048 KiB GFP_KERNEL|GFP_DMA pool for atomic allocations
2025-05-08T07:01:27.987332+03:00 clinton-ASUS-TUF-Gaming-F15-FX506LH-FX506LH kernel: DMA: preallocated 2048 KiB GFP_KERNEL|GFP_DMA32 pool for atomic allocations
2025-05-08T07:01:27.987333+03:00 clinton-ASUS-TUF-Gaming-F15-FX506LH-FX506LH kernel: audit: initializing netlink subsys (disabled)
2025-05-08T07:01:27.987333+03:00 clinton-ASUS-TUF-Gaming-F15-FX506LH-FX506LH kernel: audit: type=2000 audit(1746676883.013:1): state=initialized audit_enabled=0 res=1
2025-05-08T07:01:27.987334+03:00 clinton-ASUS-TUF-Gaming-F15-FX506LH-FX506LH kernel: thermal_sys: Registered thermal governor 'fair_share'
2025-05-08T07:01:27.987335+03:00 clinton-ASUS-TUF-Gaming-F15-FX506LH-FX506LH kernel: thermal_sys: Registered thermal governor 'bang_bang'
2025-05-08T07:01:27.987338+03:00 clinton-ASUS-TUF-Gaming-F15-FX506LH-FX506LH kernel: thermal_sys: Registered thermal governor 'step_wise'
2025-05-08T07:01:27.987339+03:00 clinton-ASUS-TUF-Gaming-F15-FX506LH-FX506LH kernel: thermal_sys: Registered thermal governor 'user_space'
2025-05-08T07:01:27.987340+03:00 clinton-ASUS-TUF-Gaming-F15-FX506LH-FX506LH kernel: thermal_sys: Registered thermal governor 'power_allocator'
2025-05-08T07:01:27.987341+03:00 clinton-ASUS-TUF-Gaming-F15-FX506LH-FX506LH kernel: EISA bus registered
2025-05-08T07:01:27.987342+03:00 clinton-ASUS-TUF-Gaming-F15-FX506LH-FX506LH kernel: cpuidle: using governor ladder
2025-05-08T07:01:27.987343+03:00 clinton-ASUS-TUF-Gaming-F15-FX506LH-FX506LH kernel: cpuidle: using governor menu
2025-05-08T07:01:27.987346+03:00 clinton-ASUS-TUF-Gaming-F15-FX506LH-FX506LH kernel: ACPI FADT declares the system doesn't support PCIe ASPM, so disable it
2025-05-08T07:01:27.987347+03:00 clinton-ASUS-TUF-Gaming-F15-FX506LH-FX506LH kernel: acpiphp: ACPI Hot Plug PCI Controller Driver version: 0.5
2025-05-08T07:01:27.987348+03:00 clinton-ASUS-TUF-Gaming-F15-FX506LH-FX506LH kernel: PCI: ECAM [mem 0xe0000000-0xefffffff] (base 0xe0000000) for domain 0000 [bus 00-ff]
2025-05-08T07:01:27.987348+03:00 clinton-ASUS-TUF-Gaming-F15-FX506LH-FX506LH kernel: PCI: Using configuration type 1 for base access
2025-05-08T07:01:27.987349+03:00 clinton-ASUS-TUF-Gaming-F15-FX506LH-FX506LH kernel: kprobes: kprobe jump-optimization is enabled. All kprobes are optimized if possible.
2025-05-08T07:01:27.987350+03:00 clinton-ASUS-TUF-Gaming-F15-FX506LH-FX506LH kernel: HugeTLB: registered 1.00 GiB page size, pre-allocated 0 pages
2025-05-08T07:01:27.987354+03:00 clinton-ASUS-TUF-Gaming-F15-FX506LH-FX506LH kernel: HugeTLB: 16380 KiB vmemmap can be freed for a 1.00 GiB page
2025-05-08T07:01:27.987355+03:00 clinton-ASUS-TUF-Gaming-F15-FX506LH-FX506LH kernel: HugeTLB: registered 2.00 MiB page size, pre-allocated 0 pages
2025-05-08T07:01:27.987355+03:00 clinton-ASUS-TUF-Gaming-F15-FX506LH-FX506LH kernel: HugeTLB: 28 KiB vmemmap can be freed for a 2.00 MiB page
2025-05-08T07:01:27.987356+03:00 clinton-ASUS-TUF-Gaming-F15-FX506LH-FX506LH kernel: ACPI: Added _OSI(Module Device)
2025-05-08T07:01:27.987357+03:00 clinton-ASUS-TUF-Gaming-F15-FX506LH-FX506LH kernel: ACPI: Added _OSI(Processor Device)
2025-05-08T07:01:27.987357+03:00 clinton-ASUS-TUF-Gaming-F15-FX506LH-FX506LH kernel: ACPI: Added _OSI(3.0 _SCP Extensions)
2025-05-08T07:01:27.987361+03:00 clinton-ASUS-TUF-Gaming-F15-FX506LH-FX506LH kernel: ACPI: Added _OSI(Processor Aggregator Device)
2025-05-08T07:01:27.987362+03:00 clinton-ASUS-TUF-Gaming-F15-FX506LH-FX506LH kernel: ACPI BIOS Error (bug): Could not resolve symbol [\_SB.PCI0.LPCB.HEC], AE_NOT_FOUND (20240322/dswload2-162)
2025-05-08T07:01:27.987363+03:00 clinton-ASUS-TUF-Gaming-F15-FX506LH-FX506LH kernel: ACPI Error: AE_NOT_FOUND, During name lookup/catalog (20240322/psobject-220)
2025-05-08T07:01:27.987363+03:00 clinton-ASUS-TUF-Gaming-F15-FX506LH-FX506LH kernel: ACPI: Skipping parse of AML opcode: Scope (0x0010)
2025-05-08T07:01:27.987364+03:00 clinton-ASUS-TUF-Gaming-F15-FX506LH-FX506LH kernel: ACPI BIOS Error (bug): Failure creating named object [\_SB.BAT1], AE_ALREADY_EXISTS (20240322/dswload2-326)
2025-05-08T07:01:27.987367+03:00 clinton-ASUS-TUF-Gaming-F15-FX506LH-FX506LH kernel: ACPI Error: AE_ALREADY_EXISTS, During name lookup/catalog (20240322/psobject-220)
2025-05-08T07:01:27.987368+03:00 clinton-ASUS-TUF-Gaming-F15-FX506LH-FX506LH kernel: ACPI: Skipping parse of AML opcode: Device (0x5B82)
2025-05-08T07:01:27.987369+03:00 clinton-ASUS-TUF-Gaming-F15-FX506LH-FX506LH kernel: ACPI BIOS Error (bug): Failure creating named object [\_TZ.ETMD], AE_ALREADY_EXISTS (20240322/dswload2-326)
2025-05-08T07:01:27.987370+03:00 clinton-ASUS-TUF-Gaming-F15-FX506LH-FX506LH kernel: ACPI Error: AE_ALREADY_EXISTS, During name lookup/catalog (20240322/psobject-220)
2025-05-08T07:01:27.987371+03:00 clinton-ASUS-TUF-Gaming-F15-FX506LH-FX506LH kernel: ACPI BIOS Error (bug): Failure creating named object [\_SB.PCI0.XHC.RHUB.GPLD], AE_ALREADY_EXISTS (20240322/dswload2-326)
2025-05-08T07:01:27.987372+03:00 clinton-ASUS-TUF-Gaming-F15-FX506LH-FX506LH kernel: ACPI Error: AE_ALREADY_EXISTS, During name lookup/catalog (20240322/psobject-220)
2025-05-08T07:01:27.987375+03:00 clinton-ASUS-TUF-Gaming-F15-FX506LH-FX506LH kernel: ACPI: Skipping parse of AML opcode: Method (0x0014)
2025-05-08T07:01:27.987376+03:00 clinton-ASUS-TUF-Gaming-F15-FX506LH-FX506LH kernel: ACPI BIOS Error (bug): Failure creating named object [\_SB.PCI0.XHC.RHUB.TPLD], AE_ALREADY_EXISTS (20240322/dswload2-326)
2025-05-08T07:01:27.987377+03:00 clinton-ASUS-TUF-Gaming-F15-FX506LH-FX506LH kernel: ACPI Error: AE_ALREADY_EXISTS, During name lookup/catalog (20240322/psobject-220)
2025-05-08T07:01:27.987378+03:00 clinton-ASUS-TUF-Gaming-F15-FX506LH-FX506LH kernel: ACPI: Skipping parse of AML opcode: Method (0x0014)
2025-05-08T07:01:27.987379+03:00 clinton-ASUS-TUF-Gaming-F15-FX506LH-FX506LH kernel: ACPI BIOS Error (bug): Failure creating named object [\_SB.PCI0.XHC.RHUB.GUPC], AE_ALREADY_EXISTS (20240322/dswload2-326)
2025-05-08T07:01:27.987382+03:00 clinton-ASUS-TUF-Gaming-F15-FX506LH-FX506LH kernel: ACPI Error: AE_ALREADY_EXISTS, During name lookup/catalog (20240322/psobject-220)
2025-05-08T07:01:27.987383+03:00 clinton-ASUS-TUF-Gaming-F15-FX506LH-FX506LH kernel: ACPI: Skipping parse of AML opcode: Method (0x0014)
2025-05-08T07:01:27.987384+03:00 clinton-ASUS-TUF-Gaming-F15-FX506LH-FX506LH kernel: ACPI BIOS Error (bug): Failure creating named object [\_SB.PCI0.XHC.RHUB.TUPC], AE_ALREADY_EXISTS (20240322/dswload2-326)
2025-05-08T07:01:27.987385+03:00 clinton-ASUS-TUF-Gaming-F15-FX506LH-FX506LH kernel: ACPI Error: AE_ALREADY_EXISTS, During name lookup/catalog (20240322/psobject-220)
2025-05-08T07:01:27.987385+03:00 clinton-ASUS-TUF-Gaming-F15-FX506LH-FX506LH kernel: ACPI: Skipping parse of AML opcode: Method (0x0014)
2025-05-08T07:01:27.987386+03:00 clinton-ASUS-TUF-Gaming-F15-FX506LH-FX506LH kernel: ACPI BIOS Error (bug): Failure creating named object [\_SB.PCI0.XHC.RHUB.HS01._UPC], AE_ALREADY_EXISTS (20240322/dswload2-326)
2025-05-08T07:01:27.987390+03:00 clinton-ASUS-TUF-Gaming-F15-FX506LH-FX506LH kernel: ACPI Error: AE_ALREADY_EXISTS, During name lookup/catalog (20240322/psobject-220)
2025-05-08T07:01:27.987391+03:00 clinton-ASUS-TUF-Gaming-F15-FX506LH-FX506LH kernel: ACPI: Skipping parse of AML opcode: Method (0x0014)
2025-05-08T07:01:27.987391+03:00 clinton-ASUS-TUF-Gaming-F15-FX506LH-FX506LH kernel: ACPI BIOS Error (bug): Failure creating named object [\_SB.PCI0.XHC.RHUB.HS01._PLD], AE_ALREADY_EXISTS (20240322/dswload2-326)
2025-05-08T07:01:27.987392+03:00 clinton-ASUS-TUF-Gaming-F15-FX506LH-FX506LH kernel: ACPI Error: AE_ALREADY_EXISTS, During name lookup/catalog (20240322/psobject-220)
2025-05-08T07:01:27.987393+03:00 clinton-ASUS-TUF-Gaming-F15-FX506LH-FX506LH kernel: ACPI: Skipping parse of AML opcode: Method (0x0014)
2025-05-08T07:01:27.987396+03:00 clinton-ASUS-TUF-Gaming-F15-FX506LH-FX506LH kernel: ACPI BIOS Error (bug): Failure creating named object [\_SB.PCI0.XHC.RHUB.HS02._UPC], AE_ALREADY_EXISTS (20240322/dswload2-326)
2025-05-08T07:01:27.987397+03:00 clinton-ASUS-TUF-Gaming-F15-FX506LH-FX506LH kernel: ACPI Error: AE_ALREADY_EXISTS, During name lookup/catalog (20240322/psobject-220)
2025-05-08T07:01:27.987398+03:00 clinton-ASUS-TUF-Gaming-F15-FX506LH-FX506LH kernel: ACPI: Skipping parse of AML opcode: Method (0x0014)
2025-05-08T07:01:27.987399+03:00 clinton-ASUS-TUF-Gaming-F15-FX506LH-FX506LH kernel: ACPI BIOS Error (bug): Failure creating named object [\_SB.PCI0.XHC.RHUB.HS02._PLD], AE_ALREADY_EXISTS (20240322/dswload2-326)
2025-05-08T07:01:27.987400+03:00 clinton-ASUS-TUF-Gaming-F15-FX506LH-FX506LH kernel: ACPI Error: AE_ALREADY_EXISTS, During name lookup/catalog (20240322/psobject-220)
2025-05-08T07:01:27.987403+03:00 clinton-ASUS-TUF-Gaming-F15-FX506LH-FX506LH kernel: ACPI: Skipping parse of AML opcode: Method (0x0014)
2025-05-08T07:01:27.987404+03:00 clinton-ASUS-TUF-Gaming-F15-FX506LH-FX506LH kernel: ACPI BIOS Error (bug): Failure creating named object [\_SB.PCI0.XHC.RHUB.HS03._UPC], AE_ALREADY_EXISTS (20240322/dswload2-326)
2025-05-08T07:01:27.987405+03:00 clinton-ASUS-TUF-Gaming-F15-FX506LH-FX506LH kernel: ACPI Error: AE_ALREADY_EXISTS, During name lookup/catalog (20240322/psobject-220)
2025-05-08T07:01:27.987406+03:00 clinton-ASUS-TUF-Gaming-F15-FX506LH-FX506LH kernel: ACPI: Skipping parse of AML opcode: Method (0x0014)
2025-05-08T07:01:27.987407+03:00 clinton-ASUS-TUF-Gaming-F15-FX506LH-FX506LH kernel: ACPI BIOS Error (bug): Failure creating named object [\_SB.PCI0.XHC.RHUB.HS03._PLD], AE_ALREADY_EXISTS (20240322/dswload2-326)
2025-05-08T07:01:27.987407+03:00 clinton-ASUS-TUF-Gaming-F15-FX506LH-FX506LH kernel: ACPI Error: AE_ALREADY_EXISTS, During name lookup/catalog (20240322/psobject-220)
2025-05-08T07:01:27.987411+03:00 clinton-ASUS-TUF-Gaming-F15-FX506LH-FX506LH kernel: ACPI: Skipping parse of AML opcode: Method (0x0014)
2025-05-08T07:01:27.987412+03:00 clinton-ASUS-TUF-Gaming-F15-FX506LH-FX506LH kernel: ACPI BIOS Error (bug): Failure creating named object [\_SB.PCI0.XHC.RHUB.HS04._UPC], AE_ALREADY_EXISTS (20240322/dswload2-326)
2025-05-08T07:01:27.987412+03:00 clinton-ASUS-TUF-Gaming-F15-FX506LH-FX506LH kernel: ACPI Error: AE_ALREADY_EXISTS, During name lookup/catalog (20240322/psobject-220)
2025-05-08T07:01:27.987413+03:00 clinton-ASUS-TUF-Gaming-F15-FX506LH-FX506LH kernel: ACPI: Skipping parse of AML opcode: Method (0x0014)
2025-05-08T07:01:27.987414+03:00 clinton-ASUS-TUF-Gaming-F15-FX506LH-FX506LH kernel: ACPI BIOS Error (bug): Failure creating named object [\_SB.PCI0.XHC.RHUB.HS04._PLD], AE_ALREADY_EXISTS (20240322/dswload2-326)
2025-05-08T07:01:27.987417+03:00 clinton-ASUS-TUF-Gaming-F15-FX506LH-FX506LH kernel: ACPI Error: AE_ALREADY_EXISTS, During name lookup/catalog (20240322/psobject-220)
2025-05-08T07:01:27.987418+03:00 clinton-ASUS-TUF-Gaming-F15-FX506LH-FX506LH kernel: ACPI: Skipping parse of AML opcode: Method (0x0014)
2025-05-08T07:01:27.987475+03:00 clinton-ASUS-TUF-Gaming-F15-FX506LH-FX506LH kernel: ACPI BIOS Error (bug): Failure creating named object [\_SB.PCI0.XHC.RHUB.HS05._UPC], AE_ALREADY_EXISTS (20240322/dswload2-326)
2025-05-08T07:01:27.987476+03:00 clinton-ASUS-TUF-Gaming-F15-FX506LH-FX506LH kernel: ACPI Error: AE_ALREADY_EXISTS, During name lookup/catalog (20240322/psobject-220)
2025-05-08T07:01:27.987477+03:00 clinton-ASUS-TUF-Gaming-F15-FX506LH-FX506LH kernel: ACPI: Skipping parse of AML opcode: Method (0x0014)
2025-05-08T07:01:27.987478+03:00 clinton-ASUS-TUF-Gaming-F15-FX506LH-FX506LH kernel: ACPI BIOS Error (bug): Failure creating named object [\_SB.PCI0.XHC.RHUB.HS05._PLD], AE_ALREADY_EXISTS (20240322/dswload2-326)
2025-05-08T07:01:27.987482+03:00 clinton-ASUS-TUF-Gaming-F15-FX506LH-FX506LH kernel: ACPI Error: AE_ALREADY_EXISTS, During name lookup/catalog (20240322/psobject-220)
2025-05-08T07:01:27.987483+03:00 clinton-ASUS-TUF-Gaming-F15-FX506LH-FX506LH kernel: ACPI: Skipping parse of AML opcode: Method (0x0014)
2025-05-08T07:01:27.987484+03:00 clinton-ASUS-TUF-Gaming-F15-FX506LH-FX506LH kernel: ACPI BIOS Error (bug): Failure creating named object [\_SB.PCI0.XHC.RHUB.HS06._UPC], AE_ALREADY_EXISTS (20240322/dswload2-326)
2025-05-08T07:01:27.987485+03:00 clinton-ASUS-TUF-Gaming-F15-FX506LH-FX506LH kernel: ACPI Error: AE_ALREADY_EXISTS, During name lookup/catalog (20240322/psobject-220)
2025-05-08T07:01:27.987485+03:00 clinton-ASUS-TUF-Gaming-F15-FX506LH-FX506LH kernel: ACPI: Skipping parse of AML opcode: Method (0x0014)
2025-05-08T07:01:27.987489+03:00 clinton-ASUS-TUF-Gaming-F15-FX506LH-FX506LH kernel: ACPI BIOS Error (bug): Failure creating named object [\_SB.PCI0.XHC.RHUB.HS06._PLD], AE_ALREADY_EXISTS (20240322/dswload2-326)
2025-05-08T07:01:27.987490+03:00 clinton-ASUS-TUF-Gaming-F15-FX506LH-FX506LH kernel: ACPI Error: AE_ALREADY_EXISTS, During name lookup/catalog (20240322/psobject-220)
2025-05-08T07:01:27.987491+03:00 clinton-ASUS-TUF-Gaming-F15-FX506LH-FX506LH kernel: ACPI: Skipping parse of AML opcode: Method (0x0014)
2025-05-08T07:01:27.987492+03:00 clinton-ASUS-TUF-Gaming-F15-FX506LH-FX506LH kernel: ACPI BIOS Error (bug): Failure creating named object [\_SB.PCI0.XHC.RHUB.HS07._UPC], AE_ALREADY_EXISTS (20240322/dswload2-326)
2025-05-08T07:01:27.987492+03:00 clinton-ASUS-TUF-Gaming-F15-FX506LH-FX506LH kernel: ACPI Error: AE_ALREADY_EXISTS, During name lookup/catalog (20240322/psobject-220)
2025-05-08T07:01:27.987493+03:00 clinton-ASUS-TUF-Gaming-F15-FX506LH-FX506LH kernel: ACPI: Skipping parse of AML opcode: Method (0x0014)
2025-05-08T07:01:27.987496+03:00 clinton-ASUS-TUF-Gaming-F15-FX506LH-FX506LH kernel: ACPI BIOS Error (bug): Failure creating named object [\_SB.PCI0.XHC.RHUB.HS07._PLD], AE_ALREADY_EXISTS (20240322/dswload2-326)
2025-05-08T07:01:27.987497+03:00 clinton-ASUS-TUF-Gaming-F15-FX506LH-FX506LH kernel: ACPI Error: AE_ALREADY_EXISTS, During name lookup/catalog (20240322/psobject-220)
2025-05-08T07:01:27.987498+03:00 clinton-ASUS-TUF-Gaming-F15-FX506LH-FX506LH kernel: ACPI: Skipping parse of AML opcode: Method (0x0014)
2025-05-08T07:01:27.987499+03:00 clinton-ASUS-TUF-Gaming-F15-FX506LH-FX506LH kernel: ACPI BIOS Error (bug): Failure creating named object [\_SB.PCI0.XHC.RHUB.HS08._UPC], AE_ALREADY_EXISTS (20240322/dswload2-326)
2025-05-08T07:01:27.987499+03:00 clinton-ASUS-TUF-Gaming-F15-FX506LH-FX506LH kernel: ACPI Error: AE_ALREADY_EXISTS, During name lookup/catalog (20240322/psobject-220)
2025-05-08T07:01:27.987502+03:00 clinton-ASUS-TUF-Gaming-F15-FX506LH-FX506LH kernel: ACPI: Skipping parse of AML opcode: Method (0x0014)
2025-05-08T07:01:27.987503+03:00 clinton-ASUS-TUF-Gaming-F15-FX506LH-FX506LH kernel: ACPI BIOS Error (bug): Failure creating named object [\_SB.PCI0.XHC.RHUB.HS08._PLD], AE_ALREADY_EXISTS (20240322/dswload2-326)
2025-05-08T07:01:27.987504+03:00 clinton-ASUS-TUF-Gaming-F15-FX506LH-FX506LH kernel: ACPI Error: AE_ALREADY_EXISTS, During name lookup/catalog (20240322/psobject-220)
2025-05-08T07:01:27.987505+03:00 clinton-ASUS-TUF-Gaming-F15-FX506LH-FX506LH kernel: ACPI: Skipping parse of AML opcode: Method (0x0014)
2025-05-08T07:01:27.987505+03:00 clinton-ASUS-TUF-Gaming-F15-FX506LH-FX506LH kernel: ACPI BIOS Error (bug): Failure creating named object [\_SB.PCI0.XHC.RHUB.HS09._UPC], AE_ALREADY_EXISTS (20240322/dswload2-326)
2025-05-08T07:01:27.987507+03:00 clinton-ASUS-TUF-Gaming-F15-FX506LH-FX506LH kernel: ACPI Error: AE_ALREADY_EXISTS, During name lookup/catalog (20240322/psobject-220)
2025-05-08T07:01:27.987510+03:00 clinton-ASUS-TUF-Gaming-F15-FX506LH-FX506LH kernel: ACPI: Skipping parse of AML opcode: Method (0x0014)
2025-05-08T07:01:27.987511+03:00 clinton-ASUS-TUF-Gaming-F15-FX506LH-FX506LH kernel: ACPI BIOS Error (bug): Failure creating named object [\_SB.PCI0.XHC.RHUB.HS09._PLD], AE_ALREADY_EXISTS (20240322/dswload2-326)
2025-05-08T07:01:27.987511+03:00 clinton-ASUS-TUF-Gaming-F15-FX506LH-FX506LH kernel: ACPI Error: AE_ALREADY_EXISTS, During name lookup/catalog (20240322/psobject-220)
2025-05-08T07:01:27.987512+03:00 clinton-ASUS-TUF-Gaming-F15-FX506LH-FX506LH kernel: ACPI: Skipping parse of AML opcode: Method (0x0014)
2025-05-08T07:01:27.987513+03:00 clinton-ASUS-TUF-Gaming-F15-FX506LH-FX506LH kernel: ACPI BIOS Error (bug): Failure creating named object [\_SB.PCI0.XHC.RHUB.HS10._UPC], AE_ALREADY_EXISTS (20240322/dswload2-326)
2025-05-08T07:01:27.987516+03:00 clinton-ASUS-TUF-Gaming-F15-FX506LH-FX506LH kernel: ACPI Error: AE_ALREADY_EXISTS, During name lookup/catalog (20240322/psobject-220)
2025-05-08T07:01:27.987517+03:00 clinton-ASUS-TUF-Gaming-F15-FX506LH-FX506LH kernel: ACPI: Skipping parse of AML opcode: Method (0x0014)
2025-05-08T07:01:27.987518+03:00 clinton-ASUS-TUF-Gaming-F15-FX506LH-FX506LH kernel: ACPI BIOS Error (bug): Failure creating named object [\_SB.PCI0.XHC.RHUB.HS10._PLD], AE_ALREADY_EXISTS (20240322/dswload2-326)
2025-05-08T07:01:27.987521+03:00 clinton-ASUS-TUF-Gaming-F15-FX506LH-FX506LH kernel: ACPI Error: AE_ALREADY_EXISTS, During name lookup/catalog (20240322/psobject-220)
2025-05-08T07:01:27.987521+03:00 clinton-ASUS-TUF-Gaming-F15-FX506LH-FX506LH kernel: ACPI: Skipping parse of AML opcode: Method (0x0014)
2025-05-08T07:01:27.987522+03:00 clinton-ASUS-TUF-Gaming-F15-FX506LH-FX506LH kernel: ACPI BIOS Error (bug): Failure creating named object [\_SB.PCI0.XHC.RHUB.HS11._UPC], AE_ALREADY_EXISTS (20240322/dswload2-326)
2025-05-08T07:01:27.987526+03:00 clinton-ASUS-TUF-Gaming-F15-FX506LH-FX506LH kernel: ACPI Error: AE_ALREADY_EXISTS, During name lookup/catalog (20240322/psobject-220)
2025-05-08T07:01:27.987526+03:00 clinton-ASUS-TUF-Gaming-F15-FX506LH-FX506LH kernel: ACPI: Skipping parse of AML opcode: Method (0x0014)
2025-05-08T07:01:27.987527+03:00 clinton-ASUS-TUF-Gaming-F15-FX506LH-FX506LH kernel: ACPI BIOS Error (bug): Failure creating named object [\_SB.PCI0.XHC.RHUB.HS11._PLD], AE_ALREADY_EXISTS (20240322/dswload2-326)
2025-05-08T07:01:27.987528+03:00 clinton-ASUS-TUF-Gaming-F15-FX506LH-FX506LH kernel: ACPI Error: AE_ALREADY_EXISTS, During name lookup/catalog (20240322/psobject-220)
2025-05-08T07:01:27.987529+03:00 clinton-ASUS-TUF-Gaming-F15-FX506LH-FX506LH kernel: ACPI: Skipping parse of AML opcode: Method (0x0014)
2025-05-08T07:01:27.987535+03:00 clinton-ASUS-TUF-Gaming-F15-FX506LH-FX506LH kernel: ACPI BIOS Error (bug): Failure creating named object [\_SB.PCI0.XHC.RHUB.HS12._UPC], AE_ALREADY_EXISTS (20240322/dswload2-326)
2025-05-08T07:01:27.987536+03:00 clinton-ASUS-TUF-Gaming-F15-FX506LH-FX506LH kernel: ACPI Error: AE_ALREADY_EXISTS, During name lookup/catalog (20240322/psobject-220)
2025-05-08T07:01:27.987537+03:00 clinton-ASUS-TUF-Gaming-F15-FX506LH-FX506LH kernel: ACPI: Skipping parse of AML opcode: Method (0x0014)
2025-05-08T07:01:27.987537+03:00 clinton-ASUS-TUF-Gaming-F15-FX506LH-FX506LH kernel: ACPI BIOS Error (bug): Failure creating named object [\_SB.PCI0.XHC.RHUB.HS12._PLD], AE_ALREADY_EXISTS (20240322/dswload2-326)
2025-05-08T07:01:27.987538+03:00 clinton-ASUS-TUF-Gaming-F15-FX506LH-FX506LH kernel: ACPI Error: AE_ALREADY_EXISTS, During name lookup/catalog (20240322/psobject-220)
2025-05-08T07:01:27.987541+03:00 clinton-ASUS-TUF-Gaming-F15-FX506LH-FX506LH kernel: ACPI: Skipping parse of AML opcode: Method (0x0014)
2025-05-08T07:01:27.987542+03:00 clinton-ASUS-TUF-Gaming-F15-FX506LH-FX506LH kernel: ACPI BIOS Error (bug): Failure creating named object [\_SB.PCI0.XHC.RHUB.HS13._UPC], AE_ALREADY_EXISTS (20240322/dswload2-326)
2025-05-08T07:01:27.987543+03:00 clinton-ASUS-TUF-Gaming-F15-FX506LH-FX506LH kernel: ACPI Error: AE_ALREADY_EXISTS, During name lookup/catalog (20240322/psobject-220)
2025-05-08T07:01:27.987544+03:00 clinton-ASUS-TUF-Gaming-F15-FX506LH-FX506LH kernel: ACPI: Skipping parse of AML opcode: Method (0x0014)
2025-05-08T07:01:27.987545+03:00 clinton-ASUS-TUF-Gaming-F15-FX506LH-FX506LH kernel: ACPI BIOS Error (bug): Failure creating named object [\_SB.PCI0.XHC.RHUB.HS13._PLD], AE_ALREADY_EXISTS (20240322/dswload2-326)
2025-05-08T07:01:27.987545+03:00 clinton-ASUS-TUF-Gaming-F15-FX506LH-FX506LH kernel: ACPI Error: AE_ALREADY_EXISTS, During name lookup/catalog (20240322/psobject-220)
2025-05-08T07:01:27.987549+03:00 clinton-ASUS-TUF-Gaming-F15-FX506LH-FX506LH kernel: ACPI: Skipping parse of AML opcode: Method (0x0014)
2025-05-08T07:01:27.987550+03:00 clinton-ASUS-TUF-Gaming-F15-FX506LH-FX506LH kernel: ACPI BIOS Error (bug): Failure creating named object [\_SB.PCI0.XHC.RHUB.HS14._UPC], AE_ALREADY_EXISTS (20240322/dswload2-326)
2025-05-08T07:01:27.987550+03:00 clinton-ASUS-TUF-Gaming-F15-FX506LH-FX506LH kernel: ACPI Error: AE_ALREADY_EXISTS, During name lookup/catalog (20240322/psobject-220)
2025-05-08T07:01:27.987551+03:00 clinton-ASUS-TUF-Gaming-F15-FX506LH-FX506LH kernel: ACPI: Skipping parse of AML opcode: Method (0x0014)
2025-05-08T07:01:27.987552+03:00 clinton-ASUS-TUF-Gaming-F15-FX506LH-FX506LH kernel: ACPI BIOS Error (bug): Failure creating named object [\_SB.PCI0.XHC.RHUB.HS14._PLD], AE_ALREADY_EXISTS (20240322/dswload2-326)
2025-05-08T07:01:27.987555+03:00 clinton-ASUS-TUF-Gaming-F15-FX506LH-FX506LH kernel: ACPI Error: AE_ALREADY_EXISTS, During name lookup/catalog (20240322/psobject-220)
2025-05-08T07:01:27.987556+03:00 clinton-ASUS-TUF-Gaming-F15-FX506LH-FX506LH kernel: ACPI: Skipping parse of AML opcode: Method (0x0014)
2025-05-08T07:01:27.987557+03:00 clinton-ASUS-TUF-Gaming-F15-FX506LH-FX506LH kernel: ACPI BIOS Error (bug): Failure creating named object [\_SB.PCI0.XHC.RHUB.USR1._UPC], AE_ALREADY_EXISTS (20240322/dswload2-326)
2025-05-08T07:01:27.987558+03:00 clinton-ASUS-TUF-Gaming-F15-FX506LH-FX506LH kernel: ACPI Error: AE_ALREADY_EXISTS, During name lookup/catalog (20240322/psobject-220)
2025-05-08T07:01:27.987559+03:00 clinton-ASUS-TUF-Gaming-F15-FX506LH-FX506LH kernel: ACPI: Skipping parse of AML opcode: Method (0x0014)
2025-05-08T07:01:27.987559+03:00 clinton-ASUS-TUF-Gaming-F15-FX506LH-FX506LH kernel: ACPI BIOS Error (bug): Failure creating named object [\_SB.PCI0.XHC.RHUB.USR1._PLD], AE_ALREADY_EXISTS (20240322/dswload2-326)
2025-05-08T07:01:27.987563+03:00 clinton-ASUS-TUF-Gaming-F15-FX506LH-FX506LH kernel: ACPI Error: AE_ALREADY_EXISTS, During name lookup/catalog (20240322/psobject-220)
2025-05-08T07:01:27.987564+03:00 clinton-ASUS-TUF-Gaming-F15-FX506LH-FX506LH kernel: ACPI: Skipping parse of AML opcode: Method (0x0014)
2025-05-08T07:01:27.987565+03:00 clinton-ASUS-TUF-Gaming-F15-FX506LH-FX506LH kernel: ACPI BIOS Error (bug): Failure creating named object [\_SB.PCI0.XHC.RHUB.USR2._UPC], AE_ALREADY_EXISTS (20240322/dswload2-326)
2025-05-08T07:01:27.987565+03:00 clinton-ASUS-TUF-Gaming-F15-FX506LH-FX506LH kernel: ACPI Error: AE_ALREADY_EXISTS, During name lookup/catalog (20240322/psobject-220)
2025-05-08T07:01:27.987566+03:00 clinton-ASUS-TUF-Gaming-F15-FX506LH-FX506LH kernel: ACPI: Skipping parse of AML opcode: Method (0x0014)
2025-05-08T07:01:27.987570+03:00 clinton-ASUS-TUF-Gaming-F15-FX506LH-FX506LH kernel: ACPI BIOS Error (bug): Failure creating named object [\_SB.PCI0.XHC.RHUB.USR2._PLD], AE_ALREADY_EXISTS (20240322/dswload2-326)
2025-05-08T07:01:27.987571+03:00 clinton-ASUS-TUF-Gaming-F15-FX506LH-FX506LH kernel: ACPI Error: AE_ALREADY_EXISTS, During name lookup/catalog (20240322/psobject-220)
2025-05-08T07:01:27.987571+03:00 clinton-ASUS-TUF-Gaming-F15-FX506LH-FX506LH kernel: ACPI: Skipping parse of AML opcode: Method (0x0014)
2025-05-08T07:01:27.987572+03:00 clinton-ASUS-TUF-Gaming-F15-FX506LH-FX506LH kernel: ACPI BIOS Error (bug): Failure creating named object [\_SB.PCI0.XHC.RHUB.SS01._UPC], AE_ALREADY_EXISTS (20240322/dswload2-326)
2025-05-08T07:01:27.987573+03:00 clinton-ASUS-TUF-Gaming-F15-FX506LH-FX506LH kernel: ACPI Error: AE_ALREADY_EXISTS, During name lookup/catalog (20240322/psobject-220)
2025-05-08T07:01:27.987574+03:00 clinton-ASUS-TUF-Gaming-F15-FX506LH-FX506LH kernel: ACPI: Skipping parse of AML opcode: Method (0x0014)
2025-05-08T07:01:27.987577+03:00 clinton-ASUS-TUF-Gaming-F15-FX506LH-FX506LH kernel: ACPI BIOS Error (bug): Failure creating named object [\_SB.PCI0.XHC.RHUB.SS01._PLD], AE_ALREADY_EXISTS (20240322/dswload2-326)
2025-05-08T07:01:27.987625+03:00 clinton-ASUS-TUF-Gaming-F15-FX506LH-FX506LH kernel: ACPI Error: AE_ALREADY_EXISTS, During name lookup/catalog (20240322/psobject-220)
2025-05-08T07:01:27.987626+03:00 clinton-ASUS-TUF-Gaming-F15-FX506LH-FX506LH kernel: ACPI: Skipping parse of AML opcode: Method (0x0014)
2025-05-08T07:01:27.987627+03:00 clinton-ASUS-TUF-Gaming-F15-FX506LH-FX506LH kernel: ACPI BIOS Error (bug): Failure creating named object [\_SB.PCI0.XHC.RHUB.SS02._UPC], AE_ALREADY_EXISTS (20240322/dswload2-326)
2025-05-08T07:01:27.987628+03:00 clinton-ASUS-TUF-Gaming-F15-FX506LH-FX506LH kernel: ACPI Error: AE_ALREADY_EXISTS, During name lookup/catalog (20240322/psobject-220)
2025-05-08T07:01:27.987632+03:00 clinton-ASUS-TUF-Gaming-F15-FX506LH-FX506LH kernel: ACPI: Skipping parse of AML opcode: Method (0x0014)
2025-05-08T07:01:27.987633+03:00 clinton-ASUS-TUF-Gaming-F15-FX506LH-FX506LH kernel: ACPI BIOS Error (bug): Failure creating named object [\_SB.PCI0.XHC.RHUB.SS02._PLD], AE_ALREADY_EXISTS (20240322/dswload2-326)
2025-05-08T07:01:27.987634+03:00 clinton-ASUS-TUF-Gaming-F15-FX506LH-FX506LH kernel: ACPI Error: AE_ALREADY_EXISTS, During name lookup/catalog (20240322/psobject-220)
2025-05-08T07:01:27.987635+03:00 clinton-ASUS-TUF-Gaming-F15-FX506LH-FX506LH kernel: ACPI: Skipping parse of AML opcode: Method (0x0014)
2025-05-08T07:01:27.987635+03:00 clinton-ASUS-TUF-Gaming-F15-FX506LH-FX506LH kernel: ACPI BIOS Error (bug): Failure creating named object [\_SB.PCI0.XHC.RHUB.SS03._UPC], AE_ALREADY_EXISTS (20240322/dswload2-326)
2025-05-08T07:01:27.987639+03:00 clinton-ASUS-TUF-Gaming-F15-FX506LH-FX506LH kernel: ACPI Error: AE_ALREADY_EXISTS, During name lookup/catalog (20240322/psobject-220)
2025-05-08T07:01:27.987640+03:00 clinton-ASUS-TUF-Gaming-F15-FX506LH-FX506LH kernel: ACPI: Skipping parse of AML opcode: Method (0x0014)
2025-05-08T07:01:27.987641+03:00 clinton-ASUS-TUF-Gaming-F15-FX506LH-FX506LH kernel: ACPI BIOS Error (bug): Failure creating named object [\_SB.PCI0.XHC.RHUB.SS03._PLD], AE_ALREADY_EXISTS (20240322/dswload2-326)
2025-05-08T07:01:27.987641+03:00 clinton-ASUS-TUF-Gaming-F15-FX506LH-FX506LH kernel: ACPI Error: AE_ALREADY_EXISTS, During name lookup/catalog (20240322/psobject-220)
2025-05-08T07:01:27.987642+03:00 clinton-ASUS-TUF-Gaming-F15-FX506LH-FX506LH kernel: ACPI: Skipping parse of AML opcode: Method (0x0014)
2025-05-08T07:01:27.987643+03:00 clinton-ASUS-TUF-Gaming-F15-FX506LH-FX506LH kernel: ACPI BIOS Error (bug): Failure creating named object [\_SB.PCI0.XHC.RHUB.SS04._UPC], AE_ALREADY_EXISTS (20240322/dswload2-326)
2025-05-08T07:01:27.987646+03:00 clinton-ASUS-TUF-Gaming-F15-FX506LH-FX506LH kernel: ACPI Error: AE_ALREADY_EXISTS, During name lookup/catalog (20240322/psobject-220)
2025-05-08T07:01:27.987647+03:00 clinton-ASUS-TUF-Gaming-F15-FX506LH-FX506LH kernel: ACPI: Skipping parse of AML opcode: Method (0x0014)
2025-05-08T07:01:27.987648+03:00 clinton-ASUS-TUF-Gaming-F15-FX506LH-FX506LH kernel: ACPI BIOS Error (bug): Failure creating named object [\_SB.PCI0.XHC.RHUB.SS04._PLD], AE_ALREADY_EXISTS (20240322/dswload2-326)
2025-05-08T07:01:27.987649+03:00 clinton-ASUS-TUF-Gaming-F15-FX506LH-FX506LH kernel: ACPI Error: AE_ALREADY_EXISTS, During name lookup/catalog (20240322/psobject-220)
2025-05-08T07:01:27.987650+03:00 clinton-ASUS-TUF-Gaming-F15-FX506LH-FX506LH kernel: ACPI: Skipping parse of AML opcode: Method (0x0014)
2025-05-08T07:01:27.987653+03:00 clinton-ASUS-TUF-Gaming-F15-FX506LH-FX506LH kernel: ACPI BIOS Error (bug): Failure creating named object [\_SB.PCI0.XHC.RHUB.SS05._UPC], AE_ALREADY_EXISTS (20240322/dswload2-326)
2025-05-08T07:01:27.987654+03:00 clinton-ASUS-TUF-Gaming-F15-FX506LH-FX506LH kernel: ACPI Error: AE_ALREADY_EXISTS, During name lookup/catalog (20240322/psobject-220)
2025-05-08T07:01:27.987655+03:00 clinton-ASUS-TUF-Gaming-F15-FX506LH-FX506LH kernel: ACPI: Skipping parse of AML opcode: Method (0x0014)
2025-05-08T07:01:27.987655+03:00 clinton-ASUS-TUF-Gaming-F15-FX506LH-FX506LH kernel: ACPI BIOS Error (bug): Failure creating named object [\_SB.PCI0.XHC.RHUB.SS05._PLD], AE_ALREADY_EXISTS (20240322/dswload2-326)
2025-05-08T07:01:27.987656+03:00 clinton-ASUS-TUF-Gaming-F15-FX506LH-FX506LH kernel: ACPI Error: AE_ALREADY_EXISTS, During name lookup/catalog (20240322/psobject-220)
2025-05-08T07:01:27.987657+03:00 clinton-ASUS-TUF-Gaming-F15-FX506LH-FX506LH kernel: ACPI: Skipping parse of AML opcode: Method (0x0014)
2025-05-08T07:01:27.987660+03:00 clinton-ASUS-TUF-Gaming-F15-FX506LH-FX506LH kernel: ACPI BIOS Error (bug): Failure creating named object [\_SB.PCI0.XHC.RHUB.SS06._UPC], AE_ALREADY_EXISTS (20240322/dswload2-326)
2025-05-08T07:01:27.987662+03:00 clinton-ASUS-TUF-Gaming-F15-FX506LH-FX506LH kernel: ACPI Error: AE_ALREADY_EXISTS, During name lookup/catalog (20240322/psobject-220)
2025-05-08T07:01:27.987662+03:00 clinton-ASUS-TUF-Gaming-F15-FX506LH-FX506LH kernel: ACPI: Skipping parse of AML opcode: Method (0x0014)
2025-05-08T07:01:27.987663+03:00 clinton-ASUS-TUF-Gaming-F15-FX506LH-FX506LH kernel: ACPI BIOS Error (bug): Failure creating named object [\_SB.PCI0.XHC.RHUB.SS06._PLD], AE_ALREADY_EXISTS (20240322/dswload2-326)
2025-05-08T07:01:27.987664+03:00 clinton-ASUS-TUF-Gaming-F15-FX506LH-FX506LH kernel: ACPI Error: AE_ALREADY_EXISTS, During name lookup/catalog (20240322/psobject-220)
2025-05-08T07:01:27.987667+03:00 clinton-ASUS-TUF-Gaming-F15-FX506LH-FX506LH kernel: ACPI: Skipping parse of AML opcode: Method (0x0014)
2025-05-08T07:01:27.987668+03:00 clinton-ASUS-TUF-Gaming-F15-FX506LH-FX506LH kernel: ACPI BIOS Error (bug): Failure creating named object [\_SB.PCI0.XHC.RHUB.SS07._UPC], AE_ALREADY_EXISTS (20240322/dswload2-326)
2025-05-08T07:01:27.987669+03:00 clinton-ASUS-TUF-Gaming-F15-FX506LH-FX506LH kernel: ACPI Error: AE_ALREADY_EXISTS, During name lookup/catalog (20240322/psobject-220)
2025-05-08T07:01:27.987670+03:00 clinton-ASUS-TUF-Gaming-F15-FX506LH-FX506LH kernel: ACPI: Skipping parse of AML opcode: Method (0x0014)
2025-05-08T07:01:27.987671+03:00 clinton-ASUS-TUF-Gaming-F15-FX506LH-FX506LH kernel: ACPI BIOS Error (bug): Failure creating named object [\_SB.PCI0.XHC.RHUB.SS07._PLD], AE_ALREADY_EXISTS (20240322/dswload2-326)
2025-05-08T07:01:27.987672+03:00 clinton-ASUS-TUF-Gaming-F15-FX506LH-FX506LH kernel: ACPI Error: AE_ALREADY_EXISTS, During name lookup/catalog (20240322/psobject-220)
2025-05-08T07:01:27.987675+03:00 clinton-ASUS-TUF-Gaming-F15-FX506LH-FX506LH kernel: ACPI: Skipping parse of AML opcode: Method (0x0014)
2025-05-08T07:01:27.987676+03:00 clinton-ASUS-TUF-Gaming-F15-FX506LH-FX506LH kernel: ACPI BIOS Error (bug): Failure creating named object [\_SB.PCI0.XHC.RHUB.SS08._UPC], AE_ALREADY_EXISTS (20240322/dswload2-326)
2025-05-08T07:01:27.987677+03:00 clinton-ASUS-TUF-Gaming-F15-FX506LH-FX506LH kernel: ACPI Error: AE_ALREADY_EXISTS, During name lookup/catalog (20240322/psobject-220)
2025-05-08T07:01:27.987678+03:00 clinton-ASUS-TUF-Gaming-F15-FX506LH-FX506LH kernel: ACPI: Skipping parse of AML opcode: Method (0x0014)
2025-05-08T07:01:27.987679+03:00 clinton-ASUS-TUF-Gaming-F15-FX506LH-FX506LH kernel: ACPI BIOS Error (bug): Failure creating named object [\_SB.PCI0.XHC.RHUB.SS08._PLD], AE_ALREADY_EXISTS (20240322/dswload2-326)
2025-05-08T07:01:27.987686+03:00 clinton-ASUS-TUF-Gaming-F15-FX506LH-FX506LH kernel: ACPI Error: AE_ALREADY_EXISTS, During name lookup/catalog (20240322/psobject-220)
2025-05-08T07:01:27.987687+03:00 clinton-ASUS-TUF-Gaming-F15-FX506LH-FX506LH kernel: ACPI: Skipping parse of AML opcode: Method (0x0014)
2025-05-08T07:01:27.987687+03:00 clinton-ASUS-TUF-Gaming-F15-FX506LH-FX506LH kernel: ACPI BIOS Error (bug): Failure creating named object [\_SB.PCI0.XHC.RHUB.SS09._UPC], AE_ALREADY_EXISTS (20240322/dswload2-326)
2025-05-08T07:01:27.987688+03:00 clinton-ASUS-TUF-Gaming-F15-FX506LH-FX506LH kernel: ACPI Error: AE_ALREADY_EXISTS, During name lookup/catalog (20240322/psobject-220)
2025-05-08T07:01:27.987689+03:00 clinton-ASUS-TUF-Gaming-F15-FX506LH-FX506LH kernel: ACPI: Skipping parse of AML opcode: Method (0x0014)
2025-05-08T07:01:27.987690+03:00 clinton-ASUS-TUF-Gaming-F15-FX506LH-FX506LH kernel: ACPI BIOS Error (bug): Failure creating named object [\_SB.PCI0.XHC.RHUB.SS09._PLD], AE_ALREADY_EXISTS (20240322/dswload2-326)
2025-05-08T07:01:27.987693+03:00 clinton-ASUS-TUF-Gaming-F15-FX506LH-FX506LH kernel: ACPI Error: AE_ALREADY_EXISTS, During name lookup/catalog (20240322/psobject-220)
2025-05-08T07:01:27.987694+03:00 clinton-ASUS-TUF-Gaming-F15-FX506LH-FX506LH kernel: ACPI: Skipping parse of AML opcode: Method (0x0014)
2025-05-08T07:01:27.987695+03:00 clinton-ASUS-TUF-Gaming-F15-FX506LH-FX506LH kernel: ACPI BIOS Error (bug): Failure creating named object [\_SB.PCI0.XHC.RHUB.SS10._UPC], AE_ALREADY_EXISTS (20240322/dswload2-326)
2025-05-08T07:01:27.987695+03:00 clinton-ASUS-TUF-Gaming-F15-FX506LH-FX506LH kernel: ACPI Error: AE_ALREADY_EXISTS, During name lookup/catalog (20240322/psobject-220)
2025-05-08T07:01:27.987696+03:00 clinton-ASUS-TUF-Gaming-F15-FX506LH-FX506LH kernel: ACPI: Skipping parse of AML opcode: Method (0x0014)
2025-05-08T07:01:27.987699+03:00 clinton-ASUS-TUF-Gaming-F15-FX506LH-FX506LH kernel: ACPI BIOS Error (bug): Failure creating named object [\_SB.PCI0.XHC.RHUB.SS10._PLD], AE_ALREADY_EXISTS (20240322/dswload2-326)
2025-05-08T07:01:27.987700+03:00 clinton-ASUS-TUF-Gaming-F15-FX506LH-FX506LH kernel: ACPI Error: AE_ALREADY_EXISTS, During name lookup/catalog (20240322/psobject-220)
2025-05-08T07:01:27.987701+03:00 clinton-ASUS-TUF-Gaming-F15-FX506LH-FX506LH kernel: ACPI: Skipping parse of AML opcode: Method (0x0014)
2025-05-08T07:01:27.987702+03:00 clinton-ASUS-TUF-Gaming-F15-FX506LH-FX506LH kernel: ACPI: 12 ACPI AML tables successfully acquired and loaded
2025-05-08T07:01:27.987703+03:00 clinton-ASUS-TUF-Gaming-F15-FX506LH-FX506LH kernel: ACPI Error: AE_NOT_FOUND, While resolving a named reference package element - \_SB_.PCI0.LPCB.H_EC.TFN1 (20240322/dspkginit-438)
2025-05-08T07:01:27.987712+03:00 clinton-ASUS-TUF-Gaming-F15-FX506LH-FX506LH kernel: message repeated 5 times: [ ACPI Error: AE_NOT_FOUND, While resolving a named reference package element - \_SB_.PCI0.LPCB.H_EC.TFN1 (20240322/dspkginit-438)]
2025-05-08T07:01:27.987712+03:00 clinton-ASUS-TUF-Gaming-F15-FX506LH-FX506LH kernel: ACPI: Dynamic OEM Table Load:
2025-05-08T07:01:27.987716+03:00 clinton-ASUS-TUF-Gaming-F15-FX506LH-FX506LH kernel: ACPI: SSDT 0xFFFF9E3982118400 000400 (v02 PmRef  Cpu0Cst  00003001 INTL 20160527)
2025-05-08T07:01:27.987716+03:00 clinton-ASUS-TUF-Gaming-F15-FX506LH-FX506LH kernel: ACPI: Dynamic OEM Table Load:
2025-05-08T07:01:27.987717+03:00 clinton-ASUS-TUF-Gaming-F15-FX506LH-FX506LH kernel: ACPI: SSDT 0xFFFF9E39820F4800 000560 (v02 PmRef  Cpu0Ist  00003000 INTL 20160527)
2025-05-08T07:01:27.987721+03:00 clinton-ASUS-TUF-Gaming-F15-FX506LH-FX506LH kernel: ACPI: Dynamic OEM Table Load:
2025-05-08T07:01:27.987722+03:00 clinton-ASUS-TUF-Gaming-F15-FX506LH-FX506LH kernel: ACPI: SSDT 0xFFFF9E39802EC800 0000FC (v02 PmRef  Cpu0Psd  00003000 INTL 20160527)
2025-05-08T07:01:27.987723+03:00 clinton-ASUS-TUF-Gaming-F15-FX506LH-FX506LH kernel: ACPI: Dynamic OEM Table Load:
2025-05-08T07:01:27.987723+03:00 clinton-ASUS-TUF-Gaming-F15-FX506LH-FX506LH kernel: ACPI: SSDT 0xFFFF9E39803A9600 000137 (v02 PmRef  Cpu0Hwp  00003000 INTL 20160527)
2025-05-08T07:01:27.987724+03:00 clinton-ASUS-TUF-Gaming-F15-FX506LH-FX506LH kernel: ACPI: Dynamic OEM Table Load:
2025-05-08T07:01:27.987725+03:00 clinton-ASUS-TUF-Gaming-F15-FX506LH-FX506LH kernel: ACPI: SSDT 0xFFFF9E3982127000 000BEA (v02 PmRef  HwpLvt   00003000 INTL 20160527)
2025-05-08T07:01:27.987728+03:00 clinton-ASUS-TUF-Gaming-F15-FX506LH-FX506LH kernel: ACPI: Dynamic OEM Table Load:
2025-05-08T07:01:27.987729+03:00 clinton-ASUS-TUF-Gaming-F15-FX506LH-FX506LH kernel: ACPI: SSDT 0xFFFF9E39820F2800 000778 (v02 PmRef  ApIst    00003000 INTL 20160527)
2025-05-08T07:01:27.987730+03:00 clinton-ASUS-TUF-Gaming-F15-FX506LH-FX506LH kernel: ACPI: Dynamic OEM Table Load:
2025-05-08T07:01:27.987730+03:00 clinton-ASUS-TUF-Gaming-F15-FX506LH-FX506LH kernel: ACPI: SSDT 0xFFFF9E3982119000 0003D7 (v02 PmRef  ApHwp    00003000 INTL 20160527)
2025-05-08T07:01:27.987731+03:00 clinton-ASUS-TUF-Gaming-F15-FX506LH-FX506LH kernel: ACPI: Dynamic OEM Table Load:
2025-05-08T07:01:27.987732+03:00 clinton-ASUS-TUF-Gaming-F15-FX506LH-FX506LH kernel: ACPI: SSDT 0xFFFF9E3982126000 000D22 (v02 PmRef  ApPsd    00003000 INTL 20160527)
2025-05-08T07:01:27.987735+03:00 clinton-ASUS-TUF-Gaming-F15-FX506LH-FX506LH kernel: ACPI: Dynamic OEM Table Load:
2025-05-08T07:01:27.987792+03:00 clinton-ASUS-TUF-Gaming-F15-FX506LH-FX506LH kernel: ACPI: SSDT 0xFFFF9E398211DC00 0003CA (v02 PmRef  ApCst    00003000 INTL 20160527)
2025-05-08T07:01:27.987794+03:00 clinton-ASUS-TUF-Gaming-F15-FX506LH-FX506LH kernel: ACPI: EC: EC started
2025-05-08T07:01:27.987794+03:00 clinton-ASUS-TUF-Gaming-F15-FX506LH-FX506LH kernel: ACPI: EC: interrupt blocked
2025-05-08T07:01:27.987795+03:00 clinton-ASUS-TUF-Gaming-F15-FX506LH-FX506LH kernel: ACPI: EC: EC_CMD/EC_SC=0x66, EC_DATA=0x62
2025-05-08T07:01:27.987796+03:00 clinton-ASUS-TUF-Gaming-F15-FX506LH-FX506LH kernel: ACPI: \_SB_.PCI0.LPCB.EC0_: Boot DSDT EC used to handle transactions
2025-05-08T07:01:27.987800+03:00 clinton-ASUS-TUF-Gaming-F15-FX506LH-FX506LH kernel: ACPI: Interpreter enabled
2025-05-08T07:01:27.987801+03:00 clinton-ASUS-TUF-Gaming-F15-FX506LH-FX506LH kernel: ACPI: PM: (supports S0 S3 S4 S5)
2025-05-08T07:01:27.987802+03:00 clinton-ASUS-TUF-Gaming-F15-FX506LH-FX506LH kernel: ACPI: Using IOAPIC for interrupt routing
2025-05-08T07:01:27.987803+03:00 clinton-ASUS-TUF-Gaming-F15-FX506LH-FX506LH kernel: PCI: Using host bridge windows from ACPI; if necessary, use "pci=nocrs" and report a bug
2025-05-08T07:01:27.987803+03:00 clinton-ASUS-TUF-Gaming-F15-FX506LH-FX506LH kernel: PCI: Using E820 reservations for host bridge windows
2025-05-08T07:01:27.987804+03:00 clinton-ASUS-TUF-Gaming-F15-FX506LH-FX506LH kernel: ACPI: Enabled 9 GPEs in block 00 to 7F
2025-05-08T07:01:27.987807+03:00 clinton-ASUS-TUF-Gaming-F15-FX506LH-FX506LH kernel: ACPI: \_SB_.PCI0.PEG0.PG00: New power resource
2025-05-08T07:01:27.987808+03:00 clinton-ASUS-TUF-Gaming-F15-FX506LH-FX506LH kernel: ACPI: \_SB_.PCI0.RP14.PXSX.WRST: New power resource
2025-05-08T07:01:27.987808+03:00 clinton-ASUS-TUF-Gaming-F15-FX506LH-FX506LH kernel: ACPI: \_SB_.PCI0.RP14.PXSX.DRST: New power resource
2025-05-08T07:01:27.987809+03:00 clinton-ASUS-TUF-Gaming-F15-FX506LH-FX506LH kernel: ACPI: \_SB_.PCI0.XDCI.USBC: New power resource
2025-05-08T07:01:27.987810+03:00 clinton-ASUS-TUF-Gaming-F15-FX506LH-FX506LH kernel: ACPI: \_SB_.PCI0.SAT0.VOL0.V0PR: New power resource
2025-05-08T07:01:27.987813+03:00 clinton-ASUS-TUF-Gaming-F15-FX506LH-FX506LH kernel: ACPI: \_SB_.PCI0.SAT0.VOL1.V1PR: New power resource
2025-05-08T07:01:27.987814+03:00 clinton-ASUS-TUF-Gaming-F15-FX506LH-FX506LH kernel: ACPI: \_SB_.PCI0.SAT0.VOL2.V2PR: New power resource
2025-05-08T07:01:27.987815+03:00 clinton-ASUS-TUF-Gaming-F15-FX506LH-FX506LH kernel: ACPI: \_SB_.PCI0.CNVW.WRST: New power resource
2025-05-08T07:01:27.987815+03:00 clinton-ASUS-TUF-Gaming-F15-FX506LH-FX506LH kernel: ACPI: \_TZ_.FN00: New power resource
2025-05-08T07:01:27.987816+03:00 clinton-ASUS-TUF-Gaming-F15-FX506LH-FX506LH kernel: ACPI: \_TZ_.FN01: New power resource
2025-05-08T07:01:27.987817+03:00 clinton-ASUS-TUF-Gaming-F15-FX506LH-FX506LH kernel: ACPI: \_TZ_.FN02: New power resource
2025-05-08T07:01:27.987820+03:00 clinton-ASUS-TUF-Gaming-F15-FX506LH-FX506LH kernel: ACPI: \_TZ_.FN03: New power resource
2025-05-08T07:01:27.987821+03:00 clinton-ASUS-TUF-Gaming-F15-FX506LH-FX506LH kernel: ACPI: \_TZ_.FN04: New power resource
2025-05-08T07:01:27.987821+03:00 clinton-ASUS-TUF-Gaming-F15-FX506LH-FX506LH kernel: ACPI: \PIN_: New power resource
2025-05-08T07:01:27.987822+03:00 clinton-ASUS-TUF-Gaming-F15-FX506LH-FX506LH kernel: ACPI: PCI Root Bridge [PCI0] (domain 0000 [bus 00-fe])
2025-05-08T07:01:27.987823+03:00 clinton-ASUS-TUF-Gaming-F15-FX506LH-FX506LH kernel: acpi PNP0A08:00: _OSC: OS supports [ExtendedConfig ASPM ClockPM Segments MSI EDR HPX-Type3]
2025-05-08T07:01:27.987824+03:00 clinton-ASUS-TUF-Gaming-F15-FX506LH-FX506LH kernel: acpi PNP0A08:00: _OSC: OS now controls [PCIeHotplug SHPCHotplug PME AER PCIeCapability LTR DPC]
2025-05-08T07:01:27.987827+03:00 clinton-ASUS-TUF-Gaming-F15-FX506LH-FX506LH kernel: acpi PNP0A08:00: FADT indicates ASPM is unsupported, using BIOS configuration
2025-05-08T07:01:27.987828+03:00 clinton-ASUS-TUF-Gaming-F15-FX506LH-FX506LH kernel: PCI host bridge to bus 0000:00
2025-05-08T07:01:27.987829+03:00 clinton-ASUS-TUF-Gaming-F15-FX506LH-FX506LH kernel: pci_bus 0000:00: root bus resource [io  0x0000-0x0cf7 window]
2025-05-08T07:01:27.987830+03:00 clinton-ASUS-TUF-Gaming-F15-FX506LH-FX506LH kernel: pci_bus 0000:00: root bus resource [io  0x0d00-0xffff window]
2025-05-08T07:01:27.987830+03:00 clinton-ASUS-TUF-Gaming-F15-FX506LH-FX506LH kernel: pci_bus 0000:00: root bus resource [mem 0x000a0000-0x000bffff window]
2025-05-08T07:01:27.987831+03:00 clinton-ASUS-TUF-Gaming-F15-FX506LH-FX506LH kernel: pci_bus 0000:00: root bus resource [mem 0x000e0000-0x000fffff window]
2025-05-08T07:01:27.987834+03:00 clinton-ASUS-TUF-Gaming-F15-FX506LH-FX506LH kernel: pci_bus 0000:00: root bus resource [mem 0x9f800000-0xdfffffff window]
2025-05-08T07:01:27.987835+03:00 clinton-ASUS-TUF-Gaming-F15-FX506LH-FX506LH kernel: pci_bus 0000:00: root bus resource [mem 0xfc800000-0xfe7fffff window]
2025-05-08T07:01:27.987836+03:00 clinton-ASUS-TUF-Gaming-F15-FX506LH-FX506LH kernel: pci_bus 0000:00: root bus resource [bus 00-fe]
2025-05-08T07:01:27.987837+03:00 clinton-ASUS-TUF-Gaming-F15-FX506LH-FX506LH kernel: pci 0000:00:00.0: [8086:9b64] type 00 class 0x060000 conventional PCI endpoint
2025-05-08T07:01:27.987837+03:00 clinton-ASUS-TUF-Gaming-F15-FX506LH-FX506LH kernel: pci 0000:00:01.0: [8086:1901] type 01 class 0x060400 PCIe Root Port
2025-05-08T07:01:27.987838+03:00 clinton-ASUS-TUF-Gaming-F15-FX506LH-FX506LH kernel: pci 0000:00:01.0: PCI bridge to [bus 01]
2025-05-08T07:01:27.987841+03:00 clinton-ASUS-TUF-Gaming-F15-FX506LH-FX506LH kernel: pci 0000:00:01.0:   bridge window [io  0x4000-0x4fff]
2025-05-08T07:01:27.987842+03:00 clinton-ASUS-TUF-Gaming-F15-FX506LH-FX506LH kernel: pci 0000:00:01.0:   bridge window [mem 0xc4000000-0xc50fffff]
2025-05-08T07:01:27.987842+03:00 clinton-ASUS-TUF-Gaming-F15-FX506LH-FX506LH kernel: pci 0000:00:01.0:   bridge window [mem 0xb0000000-0xc1ffffff 64bit pref]
2025-05-08T07:01:27.987843+03:00 clinton-ASUS-TUF-Gaming-F15-FX506LH-FX506LH kernel: pci 0000:00:01.0: PME# supported from D0 D3hot D3cold
2025-05-08T07:01:27.987844+03:00 clinton-ASUS-TUF-Gaming-F15-FX506LH-FX506LH kernel: pci 0000:00:02.0: [8086:9bc4] type 00 class 0x030000 PCIe Root Complex Integrated Endpoint
2025-05-08T07:01:27.987844+03:00 clinton-ASUS-TUF-Gaming-F15-FX506LH-FX506LH kernel: pci 0000:00:02.0: BAR 0 [mem 0xc3000000-0xc3ffffff 64bit]
2025-05-08T07:01:27.987847+03:00 clinton-ASUS-TUF-Gaming-F15-FX506LH-FX506LH kernel: pci 0000:00:02.0: BAR 2 [mem 0xa0000000-0xafffffff 64bit pref]
2025-05-08T07:01:27.987848+03:00 clinton-ASUS-TUF-Gaming-F15-FX506LH-FX506LH kernel: pci 0000:00:02.0: BAR 4 [io  0x5000-0x503f]
2025-05-08T07:01:27.987849+03:00 clinton-ASUS-TUF-Gaming-F15-FX506LH-FX506LH kernel: pci 0000:00:02.0: DMAR: Disabling IOMMU for graphics on this chipset
2025-05-08T07:01:27.987850+03:00 clinton-ASUS-TUF-Gaming-F15-FX506LH-FX506LH kernel: pci 0000:00:02.0: Video device with shadowed ROM at [mem 0x000c0000-0x000dffff]
2025-05-08T07:01:27.987850+03:00 clinton-ASUS-TUF-Gaming-F15-FX506LH-FX506LH kernel: pci 0000:00:04.0: [8086:1903] type 00 class 0x118000 conventional PCI endpoint
2025-05-08T07:01:27.987854+03:00 clinton-ASUS-TUF-Gaming-F15-FX506LH-FX506LH kernel: pci 0000:00:04.0: BAR 0 [mem 0xc5510000-0xc5517fff 64bit]
2025-05-08T07:01:27.987855+03:00 clinton-ASUS-TUF-Gaming-F15-FX506LH-FX506LH kernel: pci 0000:00:08.0: [8086:1911] type 00 class 0x088000 conventional PCI endpoint
2025-05-08T07:01:27.987855+03:00 clinton-ASUS-TUF-Gaming-F15-FX506LH-FX506LH kernel: pci 0000:00:08.0: BAR 0 [mem 0xc5527000-0xc5527fff 64bit]
2025-05-08T07:01:27.987856+03:00 clinton-ASUS-TUF-Gaming-F15-FX506LH-FX506LH kernel: pci 0000:00:12.0: [8086:06f9] type 00 class 0x118000 conventional PCI endpoint
2025-05-08T07:01:27.987857+03:00 clinton-ASUS-TUF-Gaming-F15-FX506LH-FX506LH kernel: pci 0000:00:12.0: BAR 0 [mem 0xc5526000-0xc5526fff 64bit]
2025-05-08T07:01:27.987858+03:00 clinton-ASUS-TUF-Gaming-F15-FX506LH-FX506LH kernel: pci 0000:00:14.0: [8086:06ed] type 00 class 0x0c0330 conventional PCI endpoint
2025-05-08T07:01:27.987861+03:00 clinton-ASUS-TUF-Gaming-F15-FX506LH-FX506LH kernel: pci 0000:00:14.0: BAR 0 [mem 0xc5500000-0xc550ffff 64bit]
2025-05-08T07:01:27.987862+03:00 clinton-ASUS-TUF-Gaming-F15-FX506LH-FX506LH kernel: pci 0000:00:14.0: PME# supported from D3hot D3cold
2025-05-08T07:01:27.987863+03:00 clinton-ASUS-TUF-Gaming-F15-FX506LH-FX506LH kernel: pci 0000:00:14.2: [8086:06ef] type 00 class 0x050000 conventional PCI endpoint
2025-05-08T07:01:27.987863+03:00 clinton-ASUS-TUF-Gaming-F15-FX506LH-FX506LH kernel: pci 0000:00:14.2: BAR 0 [mem 0xc551e000-0xc551ffff 64bit]
2025-05-08T07:01:27.987864+03:00 clinton-ASUS-TUF-Gaming-F15-FX506LH-FX506LH kernel: pci 0000:00:14.2: BAR 2 [mem 0xc5525000-0xc5525fff 64bit]
2025-05-08T07:01:27.987865+03:00 clinton-ASUS-TUF-Gaming-F15-FX506LH-FX506LH kernel: pci 0000:00:15.0: [8086:06e8] type 00 class 0x0c8000 conventional PCI endpoint
